 bpsk_simulink_cgxe

 Timestamp is 67ca13f3 (Thu Mar  6 14:30:27 2025)

 Preferred load address is 0000000180000000

 Start         Length     Name                   Class
 0001:00000000 000123c0H .text$mn                CODE
 0001:000123c0 00000036H .text$mn$00             CODE
 0001:000123f6 00000092H .text$x                 CODE
 0002:00000000 000003c8H .idata$5                DATA
 0002:000003c8 00000038H .00cfg                  DATA
 0002:00000400 00000008H .CRT$XCA                DATA
 0002:00000408 00000008H .CRT$XCZ                DATA
 0002:00000410 00000008H .CRT$XIA                DATA
 0002:00000418 00000008H .CRT$XIZ                DATA
 0002:00000420 00000008H .CRT$XPA                DATA
 0002:00000428 00000008H .CRT$XPZ                DATA
 0002:00000430 00000008H .CRT$XTA                DATA
 0002:00000438 00000008H .CRT$XTZ                DATA
 0002:00000440 00000000H .gehcont$y              DATA
 0002:00000440 00000000H .gfids$y                DATA
 0002:00000440 00000540H .rdata                  DATA
 0002:00000980 00000080H .rdata$CastGuardVftablesA DATA
 0002:00000a00 00000080H .rdata$CastGuardVftablesC DATA
 0002:00000a80 00000180H .rdata$voltmd           DATA
 0002:00000c00 00000278H .rdata$zzzdbg           DATA
 0002:00000e78 00000008H .rtc$IAA                DATA
 0002:00000e80 00000008H .rtc$IZZ                DATA
 0002:00000e88 00000008H .rtc$TAA                DATA
 0002:00000e90 00000008H .rtc$TZZ                DATA
 0002:00000e98 00000998H .xdata                  DATA
 0002:00001830 0000007cH .edata                  DATA
 0002:000018ac 000000f0H .idata$2                DATA
 0002:0000199c 00000014H .idata$3                DATA
 0002:000019b0 000003c8H .idata$4                DATA
 0002:00001d78 000009feH .idata$6                DATA
 0003:00000000 00006a40H .data                   DATA
 0003:00006a40 00000630H .bss                    DATA
 0004:00000000 00000b70H .pdata                  DATA

  Address         Publics by Value              Rva+Base               Lib:Object

 0000:00000000       __AbsoluteZero             0000000000000000     <absolute>
 0000:00000000       ___safe_se_handler_count   0000000000000000     <absolute>
 0000:00000000       ___safe_se_handler_table   0000000000000000     <absolute>
 0000:00000000       __arm64x_extra_rfe_table   0000000000000000     <absolute>
 0000:00000000       __arm64x_extra_rfe_table_size 0000000000000000     <absolute>
 0000:00000000       __arm64x_native_entrypoint 0000000000000000     <absolute>
 0000:00000000       __arm64x_redirection_metadata 0000000000000000     <absolute>
 0000:00000000       __arm64x_redirection_metadata_count 0000000000000000     <absolute>
 0000:00000000       __dynamic_value_reloc_table 0000000000000000     <absolute>
 0000:00000000       __enclave_config           0000000000000000     <absolute>
 0000:00000000       __guard_check_icall_a64n_fptr 0000000000000000     <absolute>
 0000:00000000       __guard_eh_cont_count      0000000000000000     <absolute>
 0000:00000000       __guard_eh_cont_table      0000000000000000     <absolute>
 0000:00000000       __guard_fids_count         0000000000000000     <absolute>
 0000:00000000       __guard_fids_table         0000000000000000     <absolute>
 0000:00000000       __guard_iat_count          0000000000000000     <absolute>
 0000:00000000       __guard_iat_table          0000000000000000     <absolute>
 0000:00000000       __guard_longjmp_count      0000000000000000     <absolute>
 0000:00000000       __guard_longjmp_table      0000000000000000     <absolute>
 0000:00000000       __hybrid_auxiliary_delayload_iat 0000000000000000     <absolute>
 0000:00000000       __hybrid_auxiliary_delayload_iat_copy 0000000000000000     <absolute>
 0000:00000000       __hybrid_auxiliary_iat     0000000000000000     <absolute>
 0000:00000000       __hybrid_auxiliary_iat_copy 0000000000000000     <absolute>
 0000:00000000       __hybrid_code_map          0000000000000000     <absolute>
 0000:00000000       __hybrid_code_map_count    0000000000000000     <absolute>
 0000:00000000       __hybrid_image_info_bitfield 0000000000000000     <absolute>
 0000:00000000       __x64_code_ranges_to_entry_points 0000000000000000     <absolute>
 0000:00000000       __x64_code_ranges_to_entry_points_count 0000000000000000     <absolute>
 0000:00000100       __guard_flags              0000000000000100     <absolute>
 0000:00000000       __ImageBase                0000000180000000     <linker-defined>
 0001:00000000       mexfilerequiredapiversion  0000000180001000 f   c_mexapi_version.obj
 0001:00000030       cgxe_bpsk_simulink_method_dispatcher 0000000180001030 f   bpsk_simulink_cgxe.obj
 0001:00000110       method_dispatcher_GvkxvAbVM3TqdJK85FbpIG 0000000180001110 f   m_GvkxvAbVM3TqdJK85FbpIG.obj
 0001:00007cf0       cgxe_GvkxvAbVM3TqdJK85FbpIG_BuildInfoUpdate 0000000180008cf0 f   m_GvkxvAbVM3TqdJK85FbpIG.obj
 0001:00007f90       cgxe_GvkxvAbVM3TqdJK85FbpIG_fallback_info 0000000180008f90 f   m_GvkxvAbVM3TqdJK85FbpIG.obj
 0001:00008030       mexFunction                0000000180009030 f   bpsk_simulink_cgxe_registry.obj
 0001:00009ea0       _ssSetInputPortDirectFeedThroughFcn 000000018000aea0 f   bpsk_simulink_cgxe_registry.obj
 0001:0000a010       _ssSetRWorkValueFcn        000000018000b010 f   bpsk_simulink_cgxe_registry.obj
 0001:0000a090       _ssGetRWorkValueFcn        000000018000b090 f   bpsk_simulink_cgxe_registry.obj
 0001:0000a100       _ssSetIWorkValueFcn        000000018000b100 f   bpsk_simulink_cgxe_registry.obj
 0001:0000a180       _ssGetIWorkValueFcn        000000018000b180 f   bpsk_simulink_cgxe_registry.obj
 0001:0000a1f0       _ssSetPWorkValueFcn        000000018000b1f0 f   bpsk_simulink_cgxe_registry.obj
 0001:0000a270       _ssGetPWorkValueFcn        000000018000b270 f   bpsk_simulink_cgxe_registry.obj
 0001:0000a2e0       _ssGetInputPortSignalFcn   000000018000b2e0 f   bpsk_simulink_cgxe_registry.obj
 0001:0000a670       _ssGetInputPortBufferDstPortFcn 000000018000b670 f   bpsk_simulink_cgxe_registry.obj
 0001:0000a6f0       _ssGetInputPortSignalPtrsFcn 000000018000b6f0 f   bpsk_simulink_cgxe_registry.obj
 0001:0000aa80       ssGetParameterTuningCompliance 000000018000ba80 f   bpsk_simulink_cgxe_registry.obj
 0001:0000aaf0       _ssReadInputStringFcn      000000018000baf0 f   bpsk_simulink_cgxe_registry.obj
 0001:0000ab60       ssGetDTypeIdFromMxArray    000000018000bb60 f   bpsk_simulink_cgxe_registry.obj
 0001:0000ac80       ssWriteRTWMx2dMatParam     000000018000bc80 f   bpsk_simulink_cgxe_registry.obj
 0001:0000ad10       ssWriteRTWMxVectParam      000000018000bd10 f   bpsk_simulink_cgxe_registry.obj
 0001:0000ad90       ssWriteRTWParameters       000000018000bd90 f   bpsk_simulink_cgxe_registry.obj
 0001:0000b350       ssWriteRTWParamSettings    000000018000c350 f   bpsk_simulink_cgxe_registry.obj
 0001:0000ba40       ssWriteRTWStr              000000018000ca40 f   bpsk_simulink_cgxe_registry.obj
 0001:0000baa0       ssWriteRTWWorkVect         000000018000caa0 f   bpsk_simulink_cgxe_registry.obj
 0001:0000c000       ssWarning                  000000018000d000 f   bpsk_simulink_cgxe_registry.obj
 0001:0000c0f0       ssGetRootSS                000000018000d0f0 f   bpsk_simulink_cgxe_registry.obj
 0001:0000c1b0       ssGetParentSS              000000018000d1b0 f   bpsk_simulink_cgxe_registry.obj
 0001:0000c270       ssWriteRTWNameValuePair    000000018000d270 f   bpsk_simulink_cgxe_registry.obj
 0001:0000c770       _ssSetInputPortMatrixDimensions 000000018000d770 f   bpsk_simulink_cgxe_registry.obj
 0001:0000c8c0       _ssSetOutputPortMatrixDimensions 000000018000d8c0 f   bpsk_simulink_cgxe_registry.obj
 0001:0000ca10       _ssSetInputPortVectorDimension 000000018000da10 f   bpsk_simulink_cgxe_registry.obj
 0001:0000cac0       _ssSetOutputPortVectorDimension 000000018000dac0 f   bpsk_simulink_cgxe_registry.obj
 0001:0000cb70       ssIsRunTimeParamTunable    000000018000db70 f   bpsk_simulink_cgxe_registry.obj
 0001:0000cbe0       ssGetSFuncBlockHandle      000000018000dbe0 f   bpsk_simulink_cgxe_registry.obj
 0001:0000cc50       _ssGetCallSystemNumFcnCallDestinations 000000018000dc50 f   bpsk_simulink_cgxe_registry.obj
 0001:0000ccc0       _ssGetCurrentInputPortWidth 000000018000dcc0 f   bpsk_simulink_cgxe_registry.obj
 0001:0000ce00       _ssGetCurrentOutputPortWidth 000000018000de00 f   bpsk_simulink_cgxe_registry.obj
 0001:0000cf40       ssGetIsZeroCrossControlDisabled 000000018000df40 f   bpsk_simulink_cgxe_registry.obj
 0001:0000cfb0       ssSetIsInputPortUsedForContZcSignal 000000018000dfb0 f   bpsk_simulink_cgxe_registry.obj
 0001:0000d020       ssSetZcSignalIsZcElementDisc 000000018000e020 f   bpsk_simulink_cgxe_registry.obj
 0001:0000d0d0       ssSetZcSignalName          000000018000e0d0 f   bpsk_simulink_cgxe_registry.obj
 0001:0000d140       ssSetZcSignalWidth         000000018000e140 f   bpsk_simulink_cgxe_registry.obj
 0001:0000d1b0       ssSetZcSignalZcEventType   000000018000e1b0 f   bpsk_simulink_cgxe_registry.obj
 0001:0000d220       ssSetZcSignalType          000000018000e220 f   bpsk_simulink_cgxe_registry.obj
 0001:0000d290       ssSetZcSignalZcTol         000000018000e290 f   bpsk_simulink_cgxe_registry.obj
 0001:0000d300       ssSetZcSignalNeedsEventNotification 000000018000e300 f   bpsk_simulink_cgxe_registry.obj
 0001:0000d370       ssCreateAndAddZcSignalInfo 000000018000e370 f   bpsk_simulink_cgxe_registry.obj
 0001:0000d3e0       ssCloneAndAddZcSignalInfo  000000018000e3e0 f   bpsk_simulink_cgxe_registry.obj
 0001:0000d450       ssGetNumZcSignals          000000018000e450 f   bpsk_simulink_cgxe_registry.obj
 0001:0000d4c0       ssGetZcSignalVector        000000018000e4c0 f   bpsk_simulink_cgxe_registry.obj
 0001:0000d530       ssGetZcSignalName          000000018000e530 f   bpsk_simulink_cgxe_registry.obj
 0001:0000d5a0       ssGetZcSignalWidth         000000018000e5a0 f   bpsk_simulink_cgxe_registry.obj
 0001:0000d610       ssGetZcSignalZcEventType   000000018000e610 f   bpsk_simulink_cgxe_registry.obj
 0001:0000d680       ssGetZcSignalZcEvents      000000018000e680 f   bpsk_simulink_cgxe_registry.obj
 0001:0000d6f0       ssGetZcSignalType          000000018000e6f0 f   bpsk_simulink_cgxe_registry.obj
 0001:0000d760       ssGetZcSignalZcTol         000000018000e760 f   bpsk_simulink_cgxe_registry.obj
 0001:0000d7e0       ssGetZcSignalNeedsEventNotification 000000018000e7e0 f   bpsk_simulink_cgxe_registry.obj
 0001:0000d850       ssGetZcSignalIsZcElementDisc 000000018000e850 f   bpsk_simulink_cgxe_registry.obj
 0001:0000d8f0       ssGetIsInputPortElementContinuous 000000018000e8f0 f   bpsk_simulink_cgxe_registry.obj
 0001:0000d990       _ssGetAbsTol               000000018000e990 f   bpsk_simulink_cgxe_registry.obj
 0001:0000da00       _ssSetStateAbsTol          000000018000ea00 f   bpsk_simulink_cgxe_registry.obj
 0001:0000dae0       _ssSetInputPortReusableFcn 000000018000eae0 f   bpsk_simulink_cgxe_registry.obj
 0001:0000dbe0       _ssSetOutputPortReusableFcn 000000018000ebe0 f   bpsk_simulink_cgxe_registry.obj
 0001:0000dce0       _ssSetSymbolicDimsSupport  000000018000ece0 f   bpsk_simulink_cgxe_registry.obj
 0001:0000dd50       _ssRegisterSymbolicDimsExpr 000000018000ed50 f   bpsk_simulink_cgxe_registry.obj
 0001:0000ddd0       _ssRegisterSymbolicDimsMATLABExpr 000000018000edd0 f   bpsk_simulink_cgxe_registry.obj
 0001:0000de60       _ssRegisterSymbolicDims    000000018000ee60 f   bpsk_simulink_cgxe_registry.obj
 0001:0000df00       _ssRegisterSymbolicDimsString 000000018000ef00 f   bpsk_simulink_cgxe_registry.obj
 0001:0000df80       _ssRegisterSymbolicDimsIntValue 000000018000ef80 f   bpsk_simulink_cgxe_registry.obj
 0001:0000dff0       _ssRegisterSymbolicEqualRelation 000000018000eff0 f   bpsk_simulink_cgxe_registry.obj
 0001:0000e060       _ssRegisterSymbolicEqualValue 000000018000f060 f   bpsk_simulink_cgxe_registry.obj
 0001:0000e0d0       _ssAmendLeadingSymbolicDims 000000018000f0d0 f   bpsk_simulink_cgxe_registry.obj
 0001:0000e150       _ssAmendTrailingSymbolicDims 000000018000f150 f   bpsk_simulink_cgxe_registry.obj
 0001:0000e1d0       _ssRegisterSymbolicDimsPlus 000000018000f1d0 f   bpsk_simulink_cgxe_registry.obj
 0001:0000e250       _ssRegisterSymbolicDimsMinus 000000018000f250 f   bpsk_simulink_cgxe_registry.obj
 0001:0000e2d0       _ssRegisterSymbolicDimsMultiply 000000018000f2d0 f   bpsk_simulink_cgxe_registry.obj
 0001:0000e350       _ssRegisterSymbolicDimsDivide 000000018000f350 f   bpsk_simulink_cgxe_registry.obj
 0001:0000e3d0       _ssGetNumSymbolicDims      000000018000f3d0 f   bpsk_simulink_cgxe_registry.obj
 0001:0000e440       _ssGetSymbolicDim          000000018000f440 f   bpsk_simulink_cgxe_registry.obj
 0001:0000e4c0       _ssSetInputPortSymbolicDimsId 000000018000f4c0 f   bpsk_simulink_cgxe_registry.obj
 0001:0000e530       _ssGetCompInputPortSymbolicDimsId 000000018000f530 f   bpsk_simulink_cgxe_registry.obj
 0001:0000e5a0       _ssSetCompInputPortSymbolicDimsId 000000018000f5a0 f   bpsk_simulink_cgxe_registry.obj
 0001:0000e610       _ssSetOutputPortSymbolicDimsId 000000018000f610 f   bpsk_simulink_cgxe_registry.obj
 0001:0000e680       _ssGetCompOutputPortSymbolicDimsId 000000018000f680 f   bpsk_simulink_cgxe_registry.obj
 0001:0000e6f0       _ssSetCompOutputPortSymbolicDimsId 000000018000f6f0 f   bpsk_simulink_cgxe_registry.obj
 0001:0000e760       _ssGetDWorkSymbolicDimsId  000000018000f760 f   bpsk_simulink_cgxe_registry.obj
 0001:0000e7d0       _ssSetDWorkSymbolicDimsId  000000018000f7d0 f   bpsk_simulink_cgxe_registry.obj
 0001:0000e840       _ssGetCompDWorkSymbolicDimsId 000000018000f840 f   bpsk_simulink_cgxe_registry.obj
 0001:0000e8b0       _ssSetCompDWorkSymbolicDimsId 000000018000f8b0 f   bpsk_simulink_cgxe_registry.obj
 0001:0000e920       _ssCreateSLCGStringBuffer  000000018000f920 f   bpsk_simulink_cgxe_registry.obj
 0001:0000e990       _ssAddToSLCGStringBuffer   000000018000f990 f   bpsk_simulink_cgxe_registry.obj
 0001:0000ea00       _ssGetPointerContainedData 000000018000fa00 f   bpsk_simulink_cgxe_registry.obj
 0001:0000ea90       _ssGetPointerContainedDataWidth 000000018000fa90 f   bpsk_simulink_cgxe_registry.obj
 0001:0000eb20       _ssRegisterDynamicArrayDataTypeFcn 000000018000fb20 f   bpsk_simulink_cgxe_registry.obj
 0001:0000ebc0       _ssGetDynamicArrayContainedDataCurrentWidthFcn 000000018000fbc0 f   bpsk_simulink_cgxe_registry.obj
 0001:0000ec90       _ssGetDynamicArrayContainedDataFcn 000000018000fc90 f   bpsk_simulink_cgxe_registry.obj
 0001:0000ed60       _ssGetInputPortDynamicArrayDataFcn 000000018000fd60 f   bpsk_simulink_cgxe_registry.obj
 0001:0000ee20       _ssGetOutputPortDynamicArrayDataFcn 000000018000fe20 f   bpsk_simulink_cgxe_registry.obj
 0001:0000eee0       _ssGetInputPortDynamicArrayContainedDataFcn 000000018000fee0 f   bpsk_simulink_cgxe_registry.obj
 0001:0000efa0       _ssGetOutputPortDynamicArrayContainedDataFcn 000000018000ffa0 f   bpsk_simulink_cgxe_registry.obj
 0001:0000f060       _ssGetDynamicArrayDWorkContainedDataFcn 0000000180010060 f   bpsk_simulink_cgxe_registry.obj
 0001:00010b50       __local_stdio_printf_options 0000000180011b50 f i bpsk_simulink_cgxe_registry.obj
 0001:00010b60       _vsnprintf_l               0000000180011b60 f i bpsk_simulink_cgxe_registry.obj
 0001:00010be0       _vsprintf_l                0000000180011be0 f i bpsk_simulink_cgxe_registry.obj
 0001:00010c30       sprintf                    0000000180011c30 f i bpsk_simulink_cgxe_registry.obj
 0001:00010c7f       mxGetPr_800                0000000180011c7f f   libmx:libmx.dll
 0001:00010c85       mxSetCell_800              0000000180011c85 f   libmx:libmx.dll
 0001:00010c8b       mxSetFieldByNumber_800     0000000180011c8b f   libmx:libmx.dll
 0001:00010c91       mxCreateDoubleMatrix_800   0000000180011c91 f   libmx:libmx.dll
 0001:00010c97       mxCreateString_800         0000000180011c97 f   libmx:libmx.dll
 0001:00010c9d       mxCreateCellMatrix_800     0000000180011c9d f   libmx:libmx.dll
 0001:00010ca3       mxCreateStructMatrix_800   0000000180011ca3 f   libmx:libmx.dll
 0001:00010ca9       mxGetNaN_800               0000000180011ca9 f   libmx:libmx.dll
 0001:00010caf       mxCalloc_800               0000000180011caf f   libmx:libmx.dll
 0001:00010cb5       mxGetM_800                 0000000180011cb5 f   libmx:libmx.dll
 0001:00010cbb       mxGetClassID_800           0000000180011cbb f   libmx:libmx.dll
 0001:00010cc1       mxGetData_800              0000000180011cc1 f   libmx:libmx.dll
 0001:00010cc7       mxIsNumeric_800            0000000180011cc7 f   libmx:libmx.dll
 0001:00010ccd       mxIsChar_800               0000000180011ccd f   libmx:libmx.dll
 0001:00010cd3       mxIsComplex_800            0000000180011cd3 f   libmx:libmx.dll
 0001:00010cd9       mxGetN_800                 0000000180011cd9 f   libmx:libmx.dll
 0001:00010cdf       mxSetField_800             0000000180011cdf f   libmx:libmx.dll
 0001:00010ce5       mxCreateNumericMatrix_800  0000000180011ce5 f   libmx:libmx.dll
 0001:00010ceb       mxCreateDoubleScalar_800   0000000180011ceb f   libmx:libmx.dll
 0001:00010cf1       mxGetString_800            0000000180011cf1 f   libmx:libmx.dll
 0001:00010cf7       mexWarnMsgTxt_800          0000000180011cf7 f   libmex:libmex.dll
 0001:00010cfd       mexPrintf_800              0000000180011cfd f   libmex:libmex.dll
 0001:00010d03       mexCallMATLAB_800          0000000180011d03 f   libmex:libmex.dll
 0001:00010d09       mexUnlock_800              0000000180011d09 f   libmex:libmex.dll
 0001:00010d0f       mexIsLocked_800            0000000180011d0f f   libmex:libmex.dll
 0001:00010d15       muDoubleScalarAbs          0000000180011d15 f   libmwmathutil:libmwmathutil.dll
 0001:00010d1b       muDoubleScalarCeil         0000000180011d1b f   libmwmathutil:libmwmathutil.dll
 0001:00010d21       muDoubleScalarFloor        0000000180011d21 f   libmwmathutil:libmwmathutil.dll
 0001:00010d27       muDoubleScalarRound        0000000180011d27 f   libmwmathutil:libmwmathutil.dll
 0001:00010d2d       muDoubleScalarExp          0000000180011d2d f   libmwmathutil:libmwmathutil.dll
 0001:00010d33       muDoubleScalarLog          0000000180011d33 f   libmwmathutil:libmwmathutil.dll
 0001:00010d39       muDoubleScalarPower        0000000180011d39 f   libmwmathutil:libmwmathutil.dll
 0001:00010d3f       muDoubleScalarSqrt         0000000180011d3f f   libmwmathutil:libmwmathutil.dll
 0001:00010d45       muDoubleScalarRem          0000000180011d45 f   libmwmathutil:libmwmathutil.dll
 0001:00010d4b       muDoubleScalarIsNaN        0000000180011d4b f   libmwmathutil:libmwmathutil.dll
 0001:00010d51       muDoubleScalarIsInf        0000000180011d51 f   libmwmathutil:libmwmathutil.dll
 0001:00010d57       emlrtAlias                 0000000180011d57 f   libemlrt:libemlrt.dll
 0001:00010d5d       emlrtLicenseCheckR2022a    0000000180011d5d f   libemlrt:libemlrt.dll
 0001:00010d63       emlrtAssign                0000000180011d63 f   libemlrt:libemlrt.dll
 0001:00010d69       emlrtCreateStructMatrix    0000000180011d69 f   libemlrt:libemlrt.dll
 0001:00010d6f       emlrtCreateStructArray     0000000180011d6f f   libemlrt:libemlrt.dll
 0001:00010d75       emlrtGetFieldR2017b        0000000180011d75 f   libemlrt:libemlrt.dll
 0001:00010d7b       emlrtSetFieldR2017b        0000000180011d7b f   libemlrt:libemlrt.dll
 0001:00010d81       emlrtCreateCellMatrix      0000000180011d81 f   libemlrt:libemlrt.dll
 0001:00010d87       emlrtSetCell               0000000180011d87 f   libemlrt:libemlrt.dll
 0001:00010d8d       emlrtGetCell               0000000180011d8d f   libemlrt:libemlrt.dll
 0001:00010d93       emlrtCreateNumericMatrix   0000000180011d93 f   libemlrt:libemlrt.dll
 0001:00010d99       emlrtCreateNumericArray    0000000180011d99 f   libemlrt:libemlrt.dll
 0001:00010d9f       emlrtCreateDoubleScalar    0000000180011d9f f   libemlrt:libemlrt.dll
 0001:00010da5       emlrtCreateLogicalScalar   0000000180011da5 f   libemlrt:libemlrt.dll
 0001:00010dab       emlrtCreateCharArray       0000000180011dab f   libemlrt:libemlrt.dll
 0001:00010db1       emlrtDestroyArray          0000000180011db1 f   libemlrt:libemlrt.dll
 0001:00010db7       emlrtCallMATLABR2012b      0000000180011db7 f   libemlrt:libemlrt.dll
 0001:00010dbd       emlrtInitCharArrayR2013a   0000000180011dbd f   libemlrt:libemlrt.dll
 0001:00010dc3       emlrtCheckBuiltInR2012b    0000000180011dc3 f   libemlrt:libemlrt.dll
 0001:00010dc9       emlrtCheckStructR2012b     0000000180011dc9 f   libemlrt:libemlrt.dll
 0001:00010dcf       emlrtMxGetData             0000000180011dcf f   libemlrt:libemlrt.dll
 0001:00010dd5       emlrtMxGetLogicals         0000000180011dd5 f   libemlrt:libemlrt.dll
 0001:00010ddb       cgxertGetInputPortSignal   0000000180011ddb f   libmwcgxert:libmwcgxert.dll
 0001:00010de1       cgxertGetOutputPortSignal  0000000180011de1 f   libmwcgxert:libmwcgxert.dll
 0001:00010de7       cgxertGetRunTimeParamInfoData 0000000180011de7 f   libmwcgxert:libmwcgxert.dll
 0001:00010ded       cgxertGetRuntimeInstance   0000000180011ded f   libmwcgxert:libmwcgxert.dll
 0001:00010df3       cgxertSetRuntimeInstance   0000000180011df3 f   libmwcgxert:libmwcgxert.dll
 0001:00010df9       cgxertGetEMLRTCtx          0000000180011df9 f   libmwcgxert:libmwcgxert.dll
 0001:00010dff       cgxertSetGcb               0000000180011dff f   libmwcgxert:libmwcgxert.dll
 0001:00010e05       cgxertRestoreGcb           0000000180011e05 f   libmwcgxert:libmwcgxert.dll
 0001:00010e0c       __raise_securityfailure    0000000180011e0c f   MSVCRT:gs_report.obj
 0001:00010e40       __report_gsfailure         0000000180011e40 f   MSVCRT:gs_report.obj
 0001:00010f14       __report_rangecheckfailure 0000000180011f14 f   MSVCRT:gs_report.obj
 0001:00010f28       __report_securityfailure   0000000180011f28 f   MSVCRT:gs_report.obj
 0001:00010fc4       __report_securityfailureEx 0000000180011fc4 f   MSVCRT:gs_report.obj
 0001:000111b8       __GSHandlerCheck           00000001800121b8 f   MSVCRT:gshandler.obj
 0001:000111d8       __GSHandlerCheckCommon     00000001800121d8 f   MSVCRT:gshandler.obj
 0001:00011250       __security_check_cookie    0000000180012250 f   MSVCRT:amdsecgs.obj
 0001:000115a8       _CRT_INIT                  00000001800125a8 f   MSVCRT:dll_dllmain.obj
 0001:000115b0       _DllMainCRTStartup         00000001800125b0 f   MSVCRT:dll_dllmain.obj
 0001:0001165c       __security_init_cookie     000000018001265c f   MSVCRT:gs_support.obj
 0001:00011708       DllMain                    0000000180012708 f   MSVCRT:dll_dllmain_stub.obj
 0001:0001172c       ?__scrt_initialize_type_info@@YAXXZ 000000018001272c f   MSVCRT:tncleanup.obj
 0001:0001173c       ?__scrt_uninitialize_type_info@@YAXXZ 000000018001273c f   MSVCRT:tncleanup.obj
 0001:00011748       __local_stdio_scanf_options 0000000180012748 f i MSVCRT:default_local_stdio_options.obj
 0001:00011750       __scrt_initialize_default_local_stdio_options 0000000180012750 f   MSVCRT:default_local_stdio_options.obj
 0001:0001176c       ?configure_argv@__scrt_narrow_argv_policy@@SAHXZ 000000018001276c f i MSVCRT:utility.obj
 0001:000117cc       ?initialize_environment@__scrt_narrow_environment_policy@@SAHXZ 00000001800127cc f i MSVCRT:utility.obj
 0001:00011804       NtCurrentTeb               0000000180012804 f i MSVCRT:utility.obj
 0001:00011810       __scrt_acquire_startup_lock 0000000180012810 f   MSVCRT:utility.obj
 0001:0001184c       __scrt_dllmain_after_initialize_c 000000018001284c f   MSVCRT:utility.obj
 0001:00011880       __scrt_dllmain_before_initialize_c 0000000180012880 f   MSVCRT:utility.obj
 0001:00011898       __scrt_dllmain_crt_thread_attach 0000000180012898 f   MSVCRT:utility.obj
 0001:000118c0       __scrt_dllmain_crt_thread_detach 00000001800128c0 f   MSVCRT:utility.obj
 0001:000118d8       __scrt_dllmain_exception_filter 00000001800128d8 f   MSVCRT:utility.obj
 0001:00011938       __scrt_dllmain_uninitialize_c 0000000180012938 f   MSVCRT:utility.obj
 0001:00011968       __scrt_dllmain_uninitialize_critical 0000000180012968 f   MSVCRT:utility.obj
 0001:0001197c       __scrt_initialize_crt      000000018001297c f   MSVCRT:utility.obj
 0001:000119b8       __scrt_initialize_onexit_tables 00000001800129b8 f   MSVCRT:utility.obj
 0001:00011a44       __scrt_is_nonwritable_in_current_image 0000000180012a44 f   MSVCRT:utility.obj
 0001:00011adc       __scrt_release_startup_lock 0000000180012adc f   MSVCRT:utility.obj
 0001:00011b00       __scrt_uninitialize_crt    0000000180012b00 f   MSVCRT:utility.obj
 0001:00011b2c       _onexit                    0000000180012b2c f   MSVCRT:utility.obj
 0001:00011b68       at_quick_exit              0000000180012b68 f   MSVCRT:utility.obj
 0001:00011b88       atexit                     0000000180012b88 f   MSVCRT:utility.obj
 0001:00011ba0       __scrt_get_dyn_tls_init_callback 0000000180012ba0 f   MSVCRT:dyn_tls_init.obj
 0001:00011ba8       __crt_debugger_hook        0000000180012ba8 f   MSVCRT:utility_desktop.obj
 0001:00011bb0       __scrt_fastfail            0000000180012bb0 f   MSVCRT:utility_desktop.obj
 0001:00011cf8       __scrt_get_show_window_mode 0000000180012cf8 f   MSVCRT:utility_desktop.obj
 0001:00011d34       __scrt_initialize_mta      0000000180012d34 f   MSVCRT:utility_desktop.obj
 0001:00011d3c       __scrt_initialize_winrt    0000000180012d3c f   MSVCRT:utility_desktop.obj
 0001:00011d40       __scrt_is_managed_app      0000000180012d40 f   MSVCRT:utility_desktop.obj
 0001:00011d94       __scrt_set_unhandled_exception_filter 0000000180012d94 f   MSVCRT:utility_desktop.obj
 0001:00011da4       __scrt_exe_initialize_mta  0000000180012da4 f   MSVCRT:utility_desktop.obj
 0001:00011da4       __scrt_stub_for_initialize_mta 0000000180012da4 f   MSVCRT:utility_desktop.obj
 0001:00011da8       __scrt_unhandled_exception_filter 0000000180012da8 f   MSVCRT:utility_desktop.obj
 0001:00011e04       _RTC_Initialize            0000000180012e04 f   MSVCRT:initsect.obj
 0001:00011e40       _RTC_Terminate             0000000180012e40 f   MSVCRT:initsect.obj
 0001:00011e7c       _guard_check_icall_nop     0000000180012e7c f i MSVCRT:guard_support.obj
 0001:00011e80       ReadNoFence64              0000000180012e80 f i MSVCRT:guard_support.obj
 0001:00011e84       ReadPointerNoFence         0000000180012e84 f i MSVCRT:guard_support.obj
 0001:00011e88       __castguard_check_failure_debugbreak 0000000180012e88 f i MSVCRT:guard_support.obj
 0001:00011ea4       __castguard_check_failure_fastfail 0000000180012ea4 f i MSVCRT:guard_support.obj
 0001:00011ec8       __castguard_check_failure_nop 0000000180012ec8 f i MSVCRT:guard_support.obj
 0001:00011ecc       __castguard_check_failure_os_handled 0000000180012ecc f i MSVCRT:guard_support.obj
 0001:00011f18       __castguard_check_failure_user_handled 0000000180012f18 f i MSVCRT:guard_support.obj
 0001:00011f8c       __castguard_set_user_handler 0000000180012f8c f i MSVCRT:guard_support.obj
 0001:00011f98       __castguard_slow_path_check_debugbreak 0000000180012f98 f i MSVCRT:guard_support.obj
 0001:00011fcc       __castguard_slow_path_check_fastfail 0000000180012fcc f i MSVCRT:guard_support.obj
 0001:00012008       __castguard_slow_path_check_nop 0000000180013008 f i MSVCRT:guard_support.obj
 0001:0001200c       __castguard_slow_path_check_os_handled 000000018001300c f i MSVCRT:guard_support.obj
 0001:00012058       __castguard_slow_path_check_user_handled 0000000180013058 f i MSVCRT:guard_support.obj
 0001:000120c4       _guard_icall_checks_enforced 00000001800130c4 f i MSVCRT:guard_support.obj
 0001:000120dc       _guard_rf_checks_enforced  00000001800130dc f i MSVCRT:guard_support.obj
 0001:000120e0       __isa_available_init       00000001800130e0 f   MSVCRT:cpu_disp.obj
 0001:0001228c       _get_startup_argv_mode     000000018001328c f   MSVCRT:argv_mode.obj
 0001:00012294       __scrt_is_ucrt_dll_in_use  0000000180013294 f   MSVCRT:ucrt_detection.obj
 0001:000122a0       RtlCaptureContext          00000001800132a0 f   kernel32:KERNEL32.dll
 0001:000122a6       RtlLookupFunctionEntry     00000001800132a6 f   kernel32:KERNEL32.dll
 0001:000122ac       RtlVirtualUnwind           00000001800132ac f   kernel32:KERNEL32.dll
 0001:000122b2       UnhandledExceptionFilter   00000001800132b2 f   kernel32:KERNEL32.dll
 0001:000122b8       SetUnhandledExceptionFilter 00000001800132b8 f   kernel32:KERNEL32.dll
 0001:000122be       GetCurrentProcess          00000001800132be f   kernel32:KERNEL32.dll
 0001:000122c4       TerminateProcess           00000001800132c4 f   kernel32:KERNEL32.dll
 0001:000122ca       IsProcessorFeaturePresent  00000001800132ca f   kernel32:KERNEL32.dll
 0001:000122d0       QueryPerformanceCounter    00000001800132d0 f   kernel32:KERNEL32.dll
 0001:000122d6       GetCurrentProcessId        00000001800132d6 f   kernel32:KERNEL32.dll
 0001:000122dc       GetCurrentThreadId         00000001800132dc f   kernel32:KERNEL32.dll
 0001:000122e2       GetSystemTimeAsFileTime    00000001800132e2 f   kernel32:KERNEL32.dll
 0001:000122e8       DisableThreadLibraryCalls  00000001800132e8 f   kernel32:KERNEL32.dll
 0001:000122ee       InitializeSListHead        00000001800132ee f   kernel32:KERNEL32.dll
 0001:000122f4       IsDebuggerPresent          00000001800132f4 f   kernel32:KERNEL32.dll
 0001:000122fa       GetStartupInfoW            00000001800132fa f   kernel32:KERNEL32.dll
 0001:00012300       GetModuleHandleW           0000000180013300 f   kernel32:KERNEL32.dll
 0001:00012306       memcpy                     0000000180013306 f   vcruntime:VCRUNTIME140.dll
 0001:0001230c       __C_specific_handler       000000018001330c f   vcruntime:VCRUNTIME140.dll
 0001:00012312       __std_type_info_destroy_list 0000000180013312 f   vcruntime:VCRUNTIME140.dll
 0001:00012318       __current_exception        0000000180013318 f   vcruntime:VCRUNTIME140.dll
 0001:0001231e       __current_exception_context 000000018001331e f   vcruntime:VCRUNTIME140.dll
 0001:00012324       memset                     0000000180013324 f   vcruntime:VCRUNTIME140.dll
 0001:0001232a       calloc                     000000018001332a f   ucrt:api-ms-win-crt-heap-l1-1-0.dll
 0001:00012330       free                       0000000180013330 f   ucrt:api-ms-win-crt-heap-l1-1-0.dll
 0001:00012336       _localtime64               0000000180013336 f   ucrt:api-ms-win-crt-time-l1-1-0.dll
 0001:0001233c       _time64                    000000018001333c f   ucrt:api-ms-win-crt-time-l1-1-0.dll
 0001:00012342       strcmp                     0000000180013342 f   ucrt:api-ms-win-crt-string-l1-1-0.dll
 0001:00012348       strlen                     0000000180013348 f   ucrt:api-ms-win-crt-string-l1-1-0.dll
 0001:0001234e       __stdio_common_vsprintf    000000018001334e f   ucrt:api-ms-win-crt-stdio-l1-1-0.dll
 0001:00012354       malloc                     0000000180013354 f   ucrt:api-ms-win-crt-heap-l1-1-0.dll
 0001:0001235a       _initterm                  000000018001335a f   ucrt:api-ms-win-crt-runtime-l1-1-0.dll
 0001:00012360       _initterm_e                0000000180013360 f   ucrt:api-ms-win-crt-runtime-l1-1-0.dll
 0001:00012366       _seh_filter_dll            0000000180013366 f   ucrt:api-ms-win-crt-runtime-l1-1-0.dll
 0001:0001236c       _configure_narrow_argv     000000018001336c f   ucrt:api-ms-win-crt-runtime-l1-1-0.dll
 0001:00012372       _initialize_narrow_environment 0000000180013372 f   ucrt:api-ms-win-crt-runtime-l1-1-0.dll
 0001:00012378       _initialize_onexit_table   0000000180013378 f   ucrt:api-ms-win-crt-runtime-l1-1-0.dll
 0001:0001237e       _register_onexit_function  000000018001337e f   ucrt:api-ms-win-crt-runtime-l1-1-0.dll
 0001:00012384       _execute_onexit_table      0000000180013384 f   ucrt:api-ms-win-crt-runtime-l1-1-0.dll
 0001:0001238a       _crt_atexit                000000018001338a f   ucrt:api-ms-win-crt-runtime-l1-1-0.dll
 0001:00012390       _crt_at_quick_exit         0000000180013390 f   ucrt:api-ms-win-crt-runtime-l1-1-0.dll
 0001:00012396       _cexit                     0000000180013396 f   ucrt:api-ms-win-crt-runtime-l1-1-0.dll
 0001:0001239c       terminate                  000000018001339c f   ucrt:api-ms-win-crt-runtime-l1-1-0.dll
 0001:000123a4       __acrt_initialize          00000001800133a4 f   MSVCRT:ucrt_stubs.obj
 0001:000123a4       __scrt_stub_for_acrt_initialize 00000001800133a4 f   MSVCRT:ucrt_stubs.obj
 0001:000123a4       __vcrt_initialize          00000001800133a4 f   MSVCRT:ucrt_stubs.obj
 0001:000123a8       __acrt_thread_attach       00000001800133a8 f   MSVCRT:ucrt_stubs.obj
 0001:000123a8       __scrt_stub_for_acrt_thread_attach 00000001800133a8 f   MSVCRT:ucrt_stubs.obj
 0001:000123a8       __vcrt_thread_attach       00000001800133a8 f   MSVCRT:ucrt_stubs.obj
 0001:000123ac       __acrt_thread_detach       00000001800133ac f   MSVCRT:ucrt_stubs.obj
 0001:000123ac       __scrt_stub_for_acrt_thread_detach 00000001800133ac f   MSVCRT:ucrt_stubs.obj
 0001:000123ac       __vcrt_thread_detach       00000001800133ac f   MSVCRT:ucrt_stubs.obj
 0001:000123b0       __acrt_uninitialize        00000001800133b0 f   MSVCRT:ucrt_stubs.obj
 0001:000123b0       __scrt_stub_for_acrt_uninitialize 00000001800133b0 f   MSVCRT:ucrt_stubs.obj
 0001:000123b0       __vcrt_uninitialize        00000001800133b0 f   MSVCRT:ucrt_stubs.obj
 0001:000123b4       __acrt_uninitialize_critical 00000001800133b4 f   MSVCRT:ucrt_stubs.obj
 0001:000123b4       __scrt_stub_for_acrt_uninitialize_critical 00000001800133b4 f   MSVCRT:ucrt_stubs.obj
 0001:000123b4       __vcrt_uninitialize_critical 00000001800133b4 f   MSVCRT:ucrt_stubs.obj
 0001:000123b8       __scrt_stub_for_is_c_termination_complete 00000001800133b8 f   MSVCRT:ucrt_stubs.obj
 0001:000123b8       _is_c_termination_complete 00000001800133b8 f   MSVCRT:ucrt_stubs.obj
 0001:000123d0       _guard_dispatch_icall_nop  00000001800133d0 f   MSVCRT:guard_dispatch.obj
 0001:000123f0       _guard_xfg_dispatch_icall_nop 00000001800133f0 f   MSVCRT:guard_xfg_dispatch.obj
 0002:00000000       __imp_InitializeSListHead  0000000180014000     kernel32:KERNEL32.dll
 0002:00000008       __imp_RtlLookupFunctionEntry 0000000180014008     kernel32:KERNEL32.dll
 0002:00000010       __imp_RtlVirtualUnwind     0000000180014010     kernel32:KERNEL32.dll
 0002:00000018       __imp_UnhandledExceptionFilter 0000000180014018     kernel32:KERNEL32.dll
 0002:00000020       __imp_SetUnhandledExceptionFilter 0000000180014020     kernel32:KERNEL32.dll
 0002:00000028       __imp_GetCurrentProcess    0000000180014028     kernel32:KERNEL32.dll
 0002:00000030       __imp_TerminateProcess     0000000180014030     kernel32:KERNEL32.dll
 0002:00000038       __imp_IsProcessorFeaturePresent 0000000180014038     kernel32:KERNEL32.dll
 0002:00000040       __imp_QueryPerformanceCounter 0000000180014040     kernel32:KERNEL32.dll
 0002:00000048       __imp_GetCurrentProcessId  0000000180014048     kernel32:KERNEL32.dll
 0002:00000050       __imp_GetCurrentThreadId   0000000180014050     kernel32:KERNEL32.dll
 0002:00000058       __imp_GetSystemTimeAsFileTime 0000000180014058     kernel32:KERNEL32.dll
 0002:00000060       __imp_DisableThreadLibraryCalls 0000000180014060     kernel32:KERNEL32.dll
 0002:00000068       __imp_RtlCaptureContext    0000000180014068     kernel32:KERNEL32.dll
 0002:00000070       __imp_IsDebuggerPresent    0000000180014070     kernel32:KERNEL32.dll
 0002:00000078       __imp_GetStartupInfoW      0000000180014078     kernel32:KERNEL32.dll
 0002:00000080       __imp_GetModuleHandleW     0000000180014080     kernel32:KERNEL32.dll
 0002:00000088       \177KERNEL32_NULL_THUNK_DATA 0000000180014088     kernel32:KERNEL32.dll
 0002:00000090       __imp___std_type_info_destroy_list 0000000180014090     vcruntime:VCRUNTIME140.dll
 0002:00000098       __imp_memcpy               0000000180014098     vcruntime:VCRUNTIME140.dll
 0002:000000a0       __imp___C_specific_handler 00000001800140a0     vcruntime:VCRUNTIME140.dll
 0002:000000a8       __imp_memset               00000001800140a8     vcruntime:VCRUNTIME140.dll
 0002:000000b0       __imp___current_exception  00000001800140b0     vcruntime:VCRUNTIME140.dll
 0002:000000b8       __imp___current_exception_context 00000001800140b8     vcruntime:VCRUNTIME140.dll
 0002:000000c0       \177VCRUNTIME140_NULL_THUNK_DATA 00000001800140c0     vcruntime:VCRUNTIME140.dll
 0002:000000c8       __imp_malloc               00000001800140c8     ucrt:api-ms-win-crt-heap-l1-1-0.dll
 0002:000000d0       __imp_calloc               00000001800140d0     ucrt:api-ms-win-crt-heap-l1-1-0.dll
 0002:000000d8       __imp_free                 00000001800140d8     ucrt:api-ms-win-crt-heap-l1-1-0.dll
 0002:000000e0       \177api-ms-win-crt-heap-l1-1-0_NULL_THUNK_DATA 00000001800140e0     ucrt:api-ms-win-crt-heap-l1-1-0.dll
 0002:000000e8       __imp__cexit               00000001800140e8     ucrt:api-ms-win-crt-runtime-l1-1-0.dll
 0002:000000f0       __imp_terminate            00000001800140f0     ucrt:api-ms-win-crt-runtime-l1-1-0.dll
 0002:000000f8       __imp__crt_at_quick_exit   00000001800140f8     ucrt:api-ms-win-crt-runtime-l1-1-0.dll
 0002:00000100       __imp__crt_atexit          0000000180014100     ucrt:api-ms-win-crt-runtime-l1-1-0.dll
 0002:00000108       __imp__initterm            0000000180014108     ucrt:api-ms-win-crt-runtime-l1-1-0.dll
 0002:00000110       __imp__initterm_e          0000000180014110     ucrt:api-ms-win-crt-runtime-l1-1-0.dll
 0002:00000118       __imp__seh_filter_dll      0000000180014118     ucrt:api-ms-win-crt-runtime-l1-1-0.dll
 0002:00000120       __imp__configure_narrow_argv 0000000180014120     ucrt:api-ms-win-crt-runtime-l1-1-0.dll
 0002:00000128       __imp__initialize_narrow_environment 0000000180014128     ucrt:api-ms-win-crt-runtime-l1-1-0.dll
 0002:00000130       __imp__initialize_onexit_table 0000000180014130     ucrt:api-ms-win-crt-runtime-l1-1-0.dll
 0002:00000138       __imp__execute_onexit_table 0000000180014138     ucrt:api-ms-win-crt-runtime-l1-1-0.dll
 0002:00000140       __imp__register_onexit_function 0000000180014140     ucrt:api-ms-win-crt-runtime-l1-1-0.dll
 0002:00000148       \177api-ms-win-crt-runtime-l1-1-0_NULL_THUNK_DATA 0000000180014148     ucrt:api-ms-win-crt-runtime-l1-1-0.dll
 0002:00000150       __imp___stdio_common_vsprintf 0000000180014150     ucrt:api-ms-win-crt-stdio-l1-1-0.dll
 0002:00000158       \177api-ms-win-crt-stdio-l1-1-0_NULL_THUNK_DATA 0000000180014158     ucrt:api-ms-win-crt-stdio-l1-1-0.dll
 0002:00000160       __imp_strcmp               0000000180014160     ucrt:api-ms-win-crt-string-l1-1-0.dll
 0002:00000168       __imp_strlen               0000000180014168     ucrt:api-ms-win-crt-string-l1-1-0.dll
 0002:00000170       \177api-ms-win-crt-string-l1-1-0_NULL_THUNK_DATA 0000000180014170     ucrt:api-ms-win-crt-string-l1-1-0.dll
 0002:00000178       __imp__localtime64         0000000180014178     ucrt:api-ms-win-crt-time-l1-1-0.dll
 0002:00000180       __imp__time64              0000000180014180     ucrt:api-ms-win-crt-time-l1-1-0.dll
 0002:00000188       \177api-ms-win-crt-time-l1-1-0_NULL_THUNK_DATA 0000000180014188     ucrt:api-ms-win-crt-time-l1-1-0.dll
 0002:00000190       __imp_emlrtCreateNumericArray 0000000180014190     libemlrt:libemlrt.dll
 0002:00000198       __imp_emlrtCreateDoubleScalar 0000000180014198     libemlrt:libemlrt.dll
 0002:000001a0       __imp_emlrtCreateLogicalScalar 00000001800141a0     libemlrt:libemlrt.dll
 0002:000001a8       __imp_emlrtCreateCharArray 00000001800141a8     libemlrt:libemlrt.dll
 0002:000001b0       __imp_emlrtDestroyArray    00000001800141b0     libemlrt:libemlrt.dll
 0002:000001b8       __imp_emlrtCallMATLABR2012b 00000001800141b8     libemlrt:libemlrt.dll
 0002:000001c0       __imp_emlrtCreateNumericMatrix 00000001800141c0     libemlrt:libemlrt.dll
 0002:000001c8       __imp_emlrtCheckBuiltInR2012b 00000001800141c8     libemlrt:libemlrt.dll
 0002:000001d0       __imp_emlrtCheckStructR2012b 00000001800141d0     libemlrt:libemlrt.dll
 0002:000001d8       __imp_emlrtMxGetData       00000001800141d8     libemlrt:libemlrt.dll
 0002:000001e0       __imp_emlrtMxGetLogicals   00000001800141e0     libemlrt:libemlrt.dll
 0002:000001e8       __imp_emlrtLicenseCheckR2022a 00000001800141e8     libemlrt:libemlrt.dll
 0002:000001f0       __imp_emlrtAlias           00000001800141f0     libemlrt:libemlrt.dll
 0002:000001f8       __imp_emlrtGetCell         00000001800141f8     libemlrt:libemlrt.dll
 0002:00000200       __imp_emlrtCreateCellMatrix 0000000180014200     libemlrt:libemlrt.dll
 0002:00000208       __imp_emlrtSetFieldR2017b  0000000180014208     libemlrt:libemlrt.dll
 0002:00000210       __imp_emlrtAssign          0000000180014210     libemlrt:libemlrt.dll
 0002:00000218       __imp_emlrtCreateStructArray 0000000180014218     libemlrt:libemlrt.dll
 0002:00000220       __imp_emlrtSetCell         0000000180014220     libemlrt:libemlrt.dll
 0002:00000228       __imp_emlrtInitCharArrayR2013a 0000000180014228     libemlrt:libemlrt.dll
 0002:00000230       __imp_emlrtCreateStructMatrix 0000000180014230     libemlrt:libemlrt.dll
 0002:00000238       __imp_emlrtGetFieldR2017b  0000000180014238     libemlrt:libemlrt.dll
 0002:00000240       \177libemlrt_NULL_THUNK_DATA 0000000180014240     libemlrt:libemlrt.dll
 0002:00000248       __imp_mexCallMATLAB_800    0000000180014248     libmex:libmex.dll
 0002:00000250       __imp_mexPrintf_800        0000000180014250     libmex:libmex.dll
 0002:00000258       __imp_mexWarnMsgTxt_800    0000000180014258     libmex:libmex.dll
 0002:00000260       __imp_mexIsLocked_800      0000000180014260     libmex:libmex.dll
 0002:00000268       __imp_mexUnlock_800        0000000180014268     libmex:libmex.dll
 0002:00000270       \177libmex_NULL_THUNK_DATA 0000000180014270     libmex:libmex.dll
 0002:00000278       __imp_cgxertGetOutputPortSignal 0000000180014278     libmwcgxert:libmwcgxert.dll
 0002:00000280       __imp_cgxertGetRunTimeParamInfoData 0000000180014280     libmwcgxert:libmwcgxert.dll
 0002:00000288       __imp_cgxertGetRuntimeInstance 0000000180014288     libmwcgxert:libmwcgxert.dll
 0002:00000290       __imp_cgxertSetRuntimeInstance 0000000180014290     libmwcgxert:libmwcgxert.dll
 0002:00000298       __imp_cgxertGetEMLRTCtx    0000000180014298     libmwcgxert:libmwcgxert.dll
 0002:000002a0       __imp_cgxertSetGcb         00000001800142a0     libmwcgxert:libmwcgxert.dll
 0002:000002a8       __imp_cgxertRestoreGcb     00000001800142a8     libmwcgxert:libmwcgxert.dll
 0002:000002b0       __imp_cgxertGetInputPortSignal 00000001800142b0     libmwcgxert:libmwcgxert.dll
 0002:000002b8       \177libmwcgxert_NULL_THUNK_DATA 00000001800142b8     libmwcgxert:libmwcgxert.dll
 0002:000002c0       __imp_muDoubleScalarLog    00000001800142c0     libmwmathutil:libmwmathutil.dll
 0002:000002c8       __imp_muDoubleScalarExp    00000001800142c8     libmwmathutil:libmwmathutil.dll
 0002:000002d0       __imp_muDoubleScalarRound  00000001800142d0     libmwmathutil:libmwmathutil.dll
 0002:000002d8       __imp_muDoubleScalarFloor  00000001800142d8     libmwmathutil:libmwmathutil.dll
 0002:000002e0       __imp_muDoubleScalarCeil   00000001800142e0     libmwmathutil:libmwmathutil.dll
 0002:000002e8       __imp_muDoubleScalarAbs    00000001800142e8     libmwmathutil:libmwmathutil.dll
 0002:000002f0       __imp_muDoubleScalarPower  00000001800142f0     libmwmathutil:libmwmathutil.dll
 0002:000002f8       __imp_muDoubleScalarSqrt   00000001800142f8     libmwmathutil:libmwmathutil.dll
 0002:00000300       __imp_muDoubleScalarRem    0000000180014300     libmwmathutil:libmwmathutil.dll
 0002:00000308       __imp_muDoubleScalarIsNaN  0000000180014308     libmwmathutil:libmwmathutil.dll
 0002:00000310       __imp_muDoubleScalarIsInf  0000000180014310     libmwmathutil:libmwmathutil.dll
 0002:00000318       \177libmwmathutil_NULL_THUNK_DATA 0000000180014318     libmwmathutil:libmwmathutil.dll
 0002:00000320       __imp_mxSetCell_800        0000000180014320     libmx:libmx.dll
 0002:00000328       __imp_mxGetString_800      0000000180014328     libmx:libmx.dll
 0002:00000330       __imp_mxCreateDoubleScalar_800 0000000180014330     libmx:libmx.dll
 0002:00000338       __imp_mxCreateNumericMatrix_800 0000000180014338     libmx:libmx.dll
 0002:00000340       __imp_mxSetField_800       0000000180014340     libmx:libmx.dll
 0002:00000348       __imp_mxGetN_800           0000000180014348     libmx:libmx.dll
 0002:00000350       __imp_mxIsComplex_800      0000000180014350     libmx:libmx.dll
 0002:00000358       __imp_mxIsChar_800         0000000180014358     libmx:libmx.dll
 0002:00000360       __imp_mxIsNumeric_800      0000000180014360     libmx:libmx.dll
 0002:00000368       __imp_mxGetData_800        0000000180014368     libmx:libmx.dll
 0002:00000370       __imp_mxGetClassID_800     0000000180014370     libmx:libmx.dll
 0002:00000378       __imp_mxGetM_800           0000000180014378     libmx:libmx.dll
 0002:00000380       __imp_mxCalloc_800         0000000180014380     libmx:libmx.dll
 0002:00000388       __imp_mxGetNaN_800         0000000180014388     libmx:libmx.dll
 0002:00000390       __imp_mxCreateStructMatrix_800 0000000180014390     libmx:libmx.dll
 0002:00000398       __imp_mxCreateCellMatrix_800 0000000180014398     libmx:libmx.dll
 0002:000003a0       __imp_mxCreateString_800   00000001800143a0     libmx:libmx.dll
 0002:000003a8       __imp_mxCreateDoubleMatrix_800 00000001800143a8     libmx:libmx.dll
 0002:000003b0       __imp_mxSetFieldByNumber_800 00000001800143b0     libmx:libmx.dll
 0002:000003b8       __imp_mxGetPr_800          00000001800143b8     libmx:libmx.dll
 0002:000003c0       \177libmx_NULL_THUNK_DATA  00000001800143c0     libmx:libmx.dll
 0002:000003c8       __guard_check_icall_fptr   00000001800143c8     MSVCRT:guard_support.obj
 0002:000003d0       __guard_xfg_check_icall_fptr 00000001800143d0     MSVCRT:guard_support.obj
 0002:000003d8       __guard_dispatch_icall_fptr 00000001800143d8     MSVCRT:guard_support.obj
 0002:000003e0       __guard_xfg_dispatch_icall_fptr 00000001800143e0     MSVCRT:guard_support.obj
 0002:000003e8       __guard_xfg_table_dispatch_icall_fptr 00000001800143e8     MSVCRT:guard_support.obj
 0002:000003f0       __castguard_check_failure_os_handled_fptr 00000001800143f0     MSVCRT:guard_support.obj
 0002:000003f8       __guard_memcpy_fptr        00000001800143f8     vcruntime:softmemtag.obj
 0002:00000400       __xc_a                     0000000180014400     MSVCRT:initializers.obj
 0002:00000408       __xc_z                     0000000180014408     MSVCRT:initializers.obj
 0002:00000410       __xi_a                     0000000180014410     MSVCRT:initializers.obj
 0002:00000418       __xi_z                     0000000180014418     MSVCRT:initializers.obj
 0002:00000420       __xp_a                     0000000180014420     MSVCRT:initializers.obj
 0002:00000428       __xp_z                     0000000180014428     MSVCRT:initializers.obj
 0002:00000430       __xt_a                     0000000180014430     MSVCRT:initializers.obj
 0002:00000438       __xt_z                     0000000180014438     MSVCRT:initializers.obj
 0002:000005f0       __real@0000000000000000    00000001800145f0     m_GvkxvAbVM3TqdJK85FbpIG.obj
 0002:000005f8       __real@3ca0000000000000    00000001800145f8     m_GvkxvAbVM3TqdJK85FbpIG.obj
 0002:00000600       __real@3cb0000000000000    0000000180014600     m_GvkxvAbVM3TqdJK85FbpIG.obj
 0002:00000608       __real@3defffffffffffff    0000000180014608     m_GvkxvAbVM3TqdJK85FbpIG.obj
 0002:00000610       __real@3e00000000000000    0000000180014610     m_GvkxvAbVM3TqdJK85FbpIG.obj
 0002:00000618       __real@3e00000000200000    0000000180014618     m_GvkxvAbVM3TqdJK85FbpIG.obj
 0002:00000620       __real@3f940d92e5a05850    0000000180014620     m_GvkxvAbVM3TqdJK85FbpIG.obj
 0002:00000628       __real@3fd183aa6c20e8bc    0000000180014628     m_GvkxvAbVM3TqdJK85FbpIG.obj
 0002:00000630       __real@3fdf39bd90efa6ec    0000000180014630     m_GvkxvAbVM3TqdJK85FbpIG.obj
 0002:00000638       __real@3fe0000000000000    0000000180014638     m_GvkxvAbVM3TqdJK85FbpIG.obj
 0002:00000640       __real@3fef01751555d29a    0000000180014640     m_GvkxvAbVM3TqdJK85FbpIG.obj
 0002:00000648       __real@3ff0000000000000    0000000180014648     m_GvkxvAbVM3TqdJK85FbpIG.obj
 0002:00000650       __real@3ff4d1b4fe79ee03    0000000180014650     m_GvkxvAbVM3TqdJK85FbpIG.obj
 0002:00000658       __real@4000000000000000    0000000180014658     m_GvkxvAbVM3TqdJK85FbpIG.obj
 0002:00000660       __real@40063748a159817c    0000000180014660     m_GvkxvAbVM3TqdJK85FbpIG.obj
 0002:00000668       __real@400d3bb48209ad36    0000000180014668     m_GvkxvAbVM3TqdJK85FbpIG.obj
 0002:00000670       __real@4010000000000000    0000000180014670     m_GvkxvAbVM3TqdJK85FbpIG.obj
 0002:00000678       __real@4024000000000000    0000000180014678     m_GvkxvAbVM3TqdJK85FbpIG.obj
 0002:00000680       __real@4028c070b8cfbfc6    0000000180014680     m_GvkxvAbVM3TqdJK85FbpIG.obj
 0002:00000688       __real@40295aa79bbadc0a    0000000180014688     m_GvkxvAbVM3TqdJK85FbpIG.obj
 0002:00000690       __real@404e000000000000    0000000180014690     m_GvkxvAbVM3TqdJK85FbpIG.obj
 0002:00000698       __real@4050c00000000000    0000000180014698     m_GvkxvAbVM3TqdJK85FbpIG.obj
 0002:000006a0       __real@4059000000000000    00000001800146a0     m_GvkxvAbVM3TqdJK85FbpIG.obj
 0002:000006a8       __real@4076d00000000000    00000001800146a8     m_GvkxvAbVM3TqdJK85FbpIG.obj
 0002:000006b0       __real@4079000000000000    00000001800146b0     m_GvkxvAbVM3TqdJK85FbpIG.obj
 0002:000006b8       __real@40ac200000000000    00000001800146b8     m_GvkxvAbVM3TqdJK85FbpIG.obj
 0002:000006c0       __real@40f5180000000000    00000001800146c0     m_GvkxvAbVM3TqdJK85FbpIG.obj
 0002:000006c8       __real@41607ac000000000    00000001800146c8     m_GvkxvAbVM3TqdJK85FbpIG.obj
 0002:000006d0       __real@4170000000000000    00000001800146d0     m_GvkxvAbVM3TqdJK85FbpIG.obj
 0002:000006d8       __real@4190000000000000    00000001800146d8     m_GvkxvAbVM3TqdJK85FbpIG.obj
 0002:000006e0       __real@41dfffffffc00000    00000001800146e0     m_GvkxvAbVM3TqdJK85FbpIG.obj
 0002:000006e8       __real@41f0000000000000    00000001800146e8     m_GvkxvAbVM3TqdJK85FbpIG.obj
 0002:000006f0       __real@bfe0000000000000    00000001800146f0     m_GvkxvAbVM3TqdJK85FbpIG.obj
 0002:000006f8       __real@c000000000000000    00000001800146f8     m_GvkxvAbVM3TqdJK85FbpIG.obj
 0002:00000700       __xmm@80000000000000008000000000000000 0000000180014700     m_GvkxvAbVM3TqdJK85FbpIG.obj
 0002:00000710       DYNAMIC_DIMENSION_DEF      0000000180014710     bpsk_simulink_cgxe_registry.obj
 0002:00000728       __real@41602cbca0000000    0000000180014728     bpsk_simulink_cgxe_registry.obj
 0002:00000730       __real@41c198d9f7000000    0000000180014730     bpsk_simulink_cgxe_registry.obj
 0002:00000738       __real@41c1dc532c800000    0000000180014738     bpsk_simulink_cgxe_registry.obj
 0002:00000740       __real@41cbe3e46d800000    0000000180014740     bpsk_simulink_cgxe_registry.obj
 0002:00000748       __real@41cca8ec64000000    0000000180014748     bpsk_simulink_cgxe_registry.obj
 0002:00000750       __real@41d28abc27c00000    0000000180014750     bpsk_simulink_cgxe_registry.obj
 0002:00000758       __real@41dc67f553c00000    0000000180014758     bpsk_simulink_cgxe_registry.obj
 0002:00000760       __real@41def0571e400000    0000000180014760     bpsk_simulink_cgxe_registry.obj
 0002:00000768       __real@41e045e300600000    0000000180014768     bpsk_simulink_cgxe_registry.obj
 0002:00000770       __real@41e13401bfc00000    0000000180014770     bpsk_simulink_cgxe_registry.obj
 0002:00000778       __real@41e2069ed9a00000    0000000180014778     bpsk_simulink_cgxe_registry.obj
 0002:00000780       __real@41e26ab854800000    0000000180014780     bpsk_simulink_cgxe_registry.obj
 0002:00000788       __real@41e26c0191400000    0000000180014788     bpsk_simulink_cgxe_registry.obj
 0002:00000790       __real@41e5b0b712600000    0000000180014790     bpsk_simulink_cgxe_registry.obj
 0002:00000798       __real@41e6801a64600000    0000000180014798     bpsk_simulink_cgxe_registry.obj
 0002:000007a0       __real@41e936b10ba00000    00000001800147a0     bpsk_simulink_cgxe_registry.obj
 0002:000007a8       __real@41eb7e940ee00000    00000001800147a8     bpsk_simulink_cgxe_registry.obj
 0002:000007b0       __real@bff0000000000000    00000001800147b0     bpsk_simulink_cgxe_registry.obj
 0002:000007c8       _pDefaultRawDllMain        00000001800147c8     MSVCRT:dll_dllmain.obj
 0002:000007c8       _pRawDllMain               00000001800147c8     MSVCRT:dll_dllmain.obj
 0002:000007d0       __xmm@ffffffffffffffffffffffffffffffff 00000001800147d0     MSVCRT:utility.obj
 0002:000007e0       _load_config_used          00000001800147e0     MSVCRT:loadcfg.obj
 0002:00000980       __CastGuardVftablesStart   0000000180014980     MSVCRT:guard_support.obj
 0002:00000a00       __CastGuardVftablesEnd     0000000180014a00     MSVCRT:guard_support.obj
 0002:00000a80       __volatile_metadata        0000000180014a80     <linker-defined>
 0002:00000e78       __rtc_iaa                  0000000180014e78     MSVCRT:initsect.obj
 0002:00000e80       __rtc_izz                  0000000180014e80     MSVCRT:initsect.obj
 0002:00000e88       __rtc_taa                  0000000180014e88     MSVCRT:initsect.obj
 0002:00000e90       __rtc_tzz                  0000000180014e90     MSVCRT:initsect.obj
 0002:000018ac       __IMPORT_DESCRIPTOR_libmx  00000001800158ac     libmx:libmx.dll
 0002:000018c0       __IMPORT_DESCRIPTOR_libmex 00000001800158c0     libmex:libmex.dll
 0002:000018d4       __IMPORT_DESCRIPTOR_libmwmathutil 00000001800158d4     libmwmathutil:libmwmathutil.dll
 0002:000018e8       __IMPORT_DESCRIPTOR_libemlrt 00000001800158e8     libemlrt:libemlrt.dll
 0002:000018fc       __IMPORT_DESCRIPTOR_libmwcgxert 00000001800158fc     libmwcgxert:libmwcgxert.dll
 0002:00001910       __IMPORT_DESCRIPTOR_KERNEL32 0000000180015910     kernel32:KERNEL32.dll
 0002:00001924       __IMPORT_DESCRIPTOR_VCRUNTIME140 0000000180015924     vcruntime:VCRUNTIME140.dll
 0002:00001938       __IMPORT_DESCRIPTOR_api-ms-win-crt-heap-l1-1-0 0000000180015938     ucrt:api-ms-win-crt-heap-l1-1-0.dll
 0002:0000194c       __IMPORT_DESCRIPTOR_api-ms-win-crt-time-l1-1-0 000000018001594c     ucrt:api-ms-win-crt-time-l1-1-0.dll
 0002:00001960       __IMPORT_DESCRIPTOR_api-ms-win-crt-string-l1-1-0 0000000180015960     ucrt:api-ms-win-crt-string-l1-1-0.dll
 0002:00001974       __IMPORT_DESCRIPTOR_api-ms-win-crt-stdio-l1-1-0 0000000180015974     ucrt:api-ms-win-crt-stdio-l1-1-0.dll
 0002:00001988       __IMPORT_DESCRIPTOR_api-ms-win-crt-runtime-l1-1-0 0000000180015988     ucrt:api-ms-win-crt-runtime-l1-1-0.dll
 0002:0000199c       __NULL_IMPORT_DESCRIPTOR   000000018001599c     libmx:libmx.dll
 0003:000046b0       DYNAMIC_DIMENSION          000000018001b6b0     bpsk_simulink_cgxe_registry.obj
 0003:000069c0       __security_cookie          000000018001d9c0     MSVCRT:gs_cookie.obj
 0003:00006a00       __security_cookie_complement 000000018001da00     MSVCRT:gs_cookie.obj
 0003:00006a08       _fltused                   000000018001da08     MSVCRT:fltused.obj
 0003:00006a0c       __scrt_native_dllmain_reason 000000018001da0c     MSVCRT:utility.obj
 0003:00006a10       __isa_available            000000018001da10     MSVCRT:cpu_disp.obj
 0003:00006a14       __isa_enabled              000000018001da14     MSVCRT:cpu_disp.obj
 0003:00006a18       __memset_fast_string_threshold 000000018001da18     MSVCRT:cpu_disp.obj
 0003:00006a20       __memset_nt_threshold      000000018001da20     MSVCRT:cpu_disp.obj
 0003:00006a30       __scrt_ucrt_dll_is_in_use  000000018001da30     MSVCRT:ucrt_stubs.obj
 0003:00006fe0       ?__type_info_root_node@@3U__type_info_node@@A 000000018001dfe0     MSVCRT:tncleanup.obj
 0003:00006ff0       ?_OptionsStorage@?1??__local_stdio_printf_options@@9@4_KA 000000018001dff0     MSVCRT:default_local_stdio_options.obj
 0003:00006ff8       ?_OptionsStorage@?1??__local_stdio_scanf_options@@9@4_KA 000000018001dff8     MSVCRT:default_local_stdio_options.obj
 0003:00007000       __scrt_current_native_startup_state 000000018001e000     MSVCRT:utility.obj
 0003:00007008       __scrt_native_startup_lock 000000018001e008     MSVCRT:utility.obj
 0003:00007048       __scrt_debugger_hook_flag  000000018001e048     MSVCRT:utility_desktop.obj
 0003:00007050       __castguard_check_failure_user_handled_fptr 000000018001e050     MSVCRT:guard_support.obj
 0003:00007058       __favor                    000000018001e058     MSVCRT:cpu_disp.obj
 0003:00007060       ?_OptionsStorage@?1??__local_stdio_printf_options@@9@9 000000018001e060     <common>
 0003:00007068       __dyn_tls_init_callback    000000018001e068     <common>

 entry point at        0001:000115b0

 Static symbols

 0000:00000000       .debug$S                   0000000180000000     bpsk_simulink_cgxe.exp
 0000:00000000       _volmd                     0000000180000000     bpsk_simulink_cgxe_registry.obj
 0000:00000000       _volmd                     0000000180000000     m_GvkxvAbVM3TqdJK85FbpIG.obj
 0000:00000000       .debug$S                   0000000180000000     ucrt:api-ms-win-crt-heap-l1-1-0.dll
 0000:00000000       .debug$S                   0000000180000000     ucrt:api-ms-win-crt-heap-l1-1-0.dll
 0000:00000000       .debug$S                   0000000180000000     ucrt:api-ms-win-crt-heap-l1-1-0.dll
 0000:00000000       .debug$S                   0000000180000000     ucrt:api-ms-win-crt-runtime-l1-1-0.dll
 0000:00000000       .debug$S                   0000000180000000     ucrt:api-ms-win-crt-runtime-l1-1-0.dll
 0000:00000000       .debug$S                   0000000180000000     ucrt:api-ms-win-crt-runtime-l1-1-0.dll
 0000:00000000       .debug$S                   0000000180000000     ucrt:api-ms-win-crt-runtime-l1-1-0.dll
 0000:00000000       .debug$S                   0000000180000000     ucrt:api-ms-win-crt-runtime-l1-1-0.dll
 0000:00000000       .debug$S                   0000000180000000     ucrt:api-ms-win-crt-runtime-l1-1-0.dll
 0000:00000000       .debug$S                   0000000180000000     ucrt:api-ms-win-crt-runtime-l1-1-0.dll
 0000:00000000       .debug$S                   0000000180000000     ucrt:api-ms-win-crt-runtime-l1-1-0.dll
 0000:00000000       .debug$S                   0000000180000000     ucrt:api-ms-win-crt-runtime-l1-1-0.dll
 0000:00000000       .debug$S                   0000000180000000     ucrt:api-ms-win-crt-runtime-l1-1-0.dll
 0000:00000000       .debug$S                   0000000180000000     ucrt:api-ms-win-crt-runtime-l1-1-0.dll
 0000:00000000       .debug$S                   0000000180000000     ucrt:api-ms-win-crt-runtime-l1-1-0.dll
 0000:00000000       .debug$S                   0000000180000000     ucrt:api-ms-win-crt-stdio-l1-1-0.dll
 0000:00000000       .debug$S                   0000000180000000     ucrt:api-ms-win-crt-string-l1-1-0.dll
 0000:00000000       .debug$S                   0000000180000000     ucrt:api-ms-win-crt-string-l1-1-0.dll
 0000:00000000       .debug$S                   0000000180000000     ucrt:api-ms-win-crt-time-l1-1-0.dll
 0000:00000000       .debug$S                   0000000180000000     ucrt:api-ms-win-crt-time-l1-1-0.dll
 0000:00000000       .debug$S                   0000000180000000     kernel32:KERNEL32.dll
 0000:00000000       .debug$S                   0000000180000000     kernel32:KERNEL32.dll
 0000:00000000       .debug$S                   0000000180000000     kernel32:KERNEL32.dll
 0000:00000000       .debug$S                   0000000180000000     kernel32:KERNEL32.dll
 0000:00000000       .debug$S                   0000000180000000     kernel32:KERNEL32.dll
 0000:00000000       .debug$S                   0000000180000000     kernel32:KERNEL32.dll
 0000:00000000       .debug$S                   0000000180000000     kernel32:KERNEL32.dll
 0000:00000000       .debug$S                   0000000180000000     kernel32:KERNEL32.dll
 0000:00000000       .debug$S                   0000000180000000     kernel32:KERNEL32.dll
 0000:00000000       .debug$S                   0000000180000000     kernel32:KERNEL32.dll
 0000:00000000       .debug$S                   0000000180000000     kernel32:KERNEL32.dll
 0000:00000000       .debug$S                   0000000180000000     kernel32:KERNEL32.dll
 0000:00000000       .debug$S                   0000000180000000     kernel32:KERNEL32.dll
 0000:00000000       .debug$S                   0000000180000000     kernel32:KERNEL32.dll
 0000:00000000       .debug$S                   0000000180000000     kernel32:KERNEL32.dll
 0000:00000000       .debug$S                   0000000180000000     kernel32:KERNEL32.dll
 0000:00000000       .debug$S                   0000000180000000     kernel32:KERNEL32.dll
 0000:00000000       .debug$S                   0000000180000000     libemlrt:libemlrt.dll
 0000:00000000       .debug$S                   0000000180000000     libemlrt:libemlrt.dll
 0000:00000000       .debug$S                   0000000180000000     libemlrt:libemlrt.dll
 0000:00000000       .debug$S                   0000000180000000     libemlrt:libemlrt.dll
 0000:00000000       .debug$S                   0000000180000000     libemlrt:libemlrt.dll
 0000:00000000       .debug$S                   0000000180000000     libemlrt:libemlrt.dll
 0000:00000000       .debug$S                   0000000180000000     libemlrt:libemlrt.dll
 0000:00000000       .debug$S                   0000000180000000     libemlrt:libemlrt.dll
 0000:00000000       .debug$S                   0000000180000000     libemlrt:libemlrt.dll
 0000:00000000       .debug$S                   0000000180000000     libemlrt:libemlrt.dll
 0000:00000000       .debug$S                   0000000180000000     libemlrt:libemlrt.dll
 0000:00000000       .debug$S                   0000000180000000     libemlrt:libemlrt.dll
 0000:00000000       .debug$S                   0000000180000000     libemlrt:libemlrt.dll
 0000:00000000       .debug$S                   0000000180000000     libemlrt:libemlrt.dll
 0000:00000000       .debug$S                   0000000180000000     libemlrt:libemlrt.dll
 0000:00000000       .debug$S                   0000000180000000     libemlrt:libemlrt.dll
 0000:00000000       .debug$S                   0000000180000000     libemlrt:libemlrt.dll
 0000:00000000       .debug$S                   0000000180000000     libemlrt:libemlrt.dll
 0000:00000000       .debug$S                   0000000180000000     libemlrt:libemlrt.dll
 0000:00000000       .debug$S                   0000000180000000     libemlrt:libemlrt.dll
 0000:00000000       .debug$S                   0000000180000000     libemlrt:libemlrt.dll
 0000:00000000       .debug$S                   0000000180000000     libemlrt:libemlrt.dll
 0000:00000000       .debug$S                   0000000180000000     libmex:libmex.dll
 0000:00000000       .debug$S                   0000000180000000     libmex:libmex.dll
 0000:00000000       .debug$S                   0000000180000000     libmex:libmex.dll
 0000:00000000       .debug$S                   0000000180000000     libmex:libmex.dll
 0000:00000000       .debug$S                   0000000180000000     libmex:libmex.dll
 0000:00000000       .debug$S                   0000000180000000     libmwcgxert:libmwcgxert.dll
 0000:00000000       .debug$S                   0000000180000000     libmwcgxert:libmwcgxert.dll
 0000:00000000       .debug$S                   0000000180000000     libmwcgxert:libmwcgxert.dll
 0000:00000000       .debug$S                   0000000180000000     libmwcgxert:libmwcgxert.dll
 0000:00000000       .debug$S                   0000000180000000     libmwcgxert:libmwcgxert.dll
 0000:00000000       .debug$S                   0000000180000000     libmwcgxert:libmwcgxert.dll
 0000:00000000       .debug$S                   0000000180000000     libmwcgxert:libmwcgxert.dll
 0000:00000000       .debug$S                   0000000180000000     libmwcgxert:libmwcgxert.dll
 0000:00000000       .debug$S                   0000000180000000     libmwmathutil:libmwmathutil.dll
 0000:00000000       .debug$S                   0000000180000000     libmwmathutil:libmwmathutil.dll
 0000:00000000       .debug$S                   0000000180000000     libmwmathutil:libmwmathutil.dll
 0000:00000000       .debug$S                   0000000180000000     libmwmathutil:libmwmathutil.dll
 0000:00000000       .debug$S                   0000000180000000     libmwmathutil:libmwmathutil.dll
 0000:00000000       .debug$S                   0000000180000000     libmwmathutil:libmwmathutil.dll
 0000:00000000       .debug$S                   0000000180000000     libmwmathutil:libmwmathutil.dll
 0000:00000000       .debug$S                   0000000180000000     libmwmathutil:libmwmathutil.dll
 0000:00000000       .debug$S                   0000000180000000     libmwmathutil:libmwmathutil.dll
 0000:00000000       .debug$S                   0000000180000000     libmwmathutil:libmwmathutil.dll
 0000:00000000       .debug$S                   0000000180000000     libmwmathutil:libmwmathutil.dll
 0000:00000000       .debug$S                   0000000180000000     libmx:libmx.dll
 0000:00000000       .debug$S                   0000000180000000     libmx:libmx.dll
 0000:00000000       .debug$S                   0000000180000000     libmx:libmx.dll
 0000:00000000       .debug$S                   0000000180000000     libmx:libmx.dll
 0000:00000000       .debug$S                   0000000180000000     libmx:libmx.dll
 0000:00000000       .debug$S                   0000000180000000     libmx:libmx.dll
 0000:00000000       .debug$S                   0000000180000000     libmx:libmx.dll
 0000:00000000       .debug$S                   0000000180000000     libmx:libmx.dll
 0000:00000000       .debug$S                   0000000180000000     libmx:libmx.dll
 0000:00000000       .debug$S                   0000000180000000     libmx:libmx.dll
 0000:00000000       .debug$S                   0000000180000000     libmx:libmx.dll
 0000:00000000       .debug$S                   0000000180000000     libmx:libmx.dll
 0000:00000000       .debug$S                   0000000180000000     libmx:libmx.dll
 0000:00000000       .debug$S                   0000000180000000     libmx:libmx.dll
 0000:00000000       .debug$S                   0000000180000000     libmx:libmx.dll
 0000:00000000       .debug$S                   0000000180000000     libmx:libmx.dll
 0000:00000000       .debug$S                   0000000180000000     libmx:libmx.dll
 0000:00000000       .debug$S                   0000000180000000     libmx:libmx.dll
 0000:00000000       .debug$S                   0000000180000000     libmx:libmx.dll
 0000:00000000       .debug$S                   0000000180000000     libmx:libmx.dll
 0000:00000000       _volmd                     0000000180000000     MSVCRT:cpu_disp.obj
 0002:fffec000       __guard_ehcont_?dllmain_dispatch@@YAHQEAUHINSTANCE__@@KQEAX@Z 0000000180000000     MSVCRT:dll_dllmain.obj
 0002:fffec000       __guard_fids_?dllmain_dispatch@@YAHQEAUHINSTANCE__@@KQEAX@Z 0000000180000000     MSVCRT:dll_dllmain.obj
 0000:00000000       _volmd                     0000000180000000     MSVCRT:gs_report.obj
 0000:00000000       _volmd                     0000000180000000     MSVCRT:gs_report.obj
 0000:00000000       _volmd                     0000000180000000     MSVCRT:gs_report.obj
 0002:fffec000       __guard_fids__             0000000180000000     MSVCRT:guard_support.obj
 0002:fffec000       __guard_fids__             0000000180000000     MSVCRT:guard_support.obj
 0002:fffec000       __guard_fids__guard_icall_checks_enforced 0000000180000000     MSVCRT:guard_support.obj
 0000:00000000       _volmd                     0000000180000000     MSVCRT:guard_support.obj
 0000:00000000       _volmd                     0000000180000000     MSVCRT:guard_support.obj
 0000:00000000       _volmd                     0000000180000000     MSVCRT:guard_support.obj
 0000:00000000       _volmd                     0000000180000000     MSVCRT:guard_support.obj
 0000:00000000       _volmd                     0000000180000000     MSVCRT:guard_support.obj
 0000:00000000       _volmd                     0000000180000000     MSVCRT:guard_support.obj
 0000:00000000       _volmd                     0000000180000000     MSVCRT:guard_support.obj
 0000:00000000       _volmd                     0000000180000000     MSVCRT:guard_support.obj
 0000:00000000       _volmd                     0000000180000000     MSVCRT:guard_support.obj
 0000:00000000       _volmd                     0000000180000000     MSVCRT:guard_support.obj
 0002:fffec000       __guard_ehcont___scrt_is_nonwritable_in_current_image 0000000180000000     MSVCRT:utility.obj
 0000:00000000       _volmd                     0000000180000000     MSVCRT:utility.obj
 0000:00000000       _volmd                     0000000180000000     MSVCRT:utility.obj
 0000:00000000       _volmd                     0000000180000000     MSVCRT:utility.obj
 0002:fffec000       __guard_fids___scrt_set_unhandled_exception_filter 0000000180000000     MSVCRT:utility_desktop.obj
 0000:00000000       _volmd                     0000000180000000     MSVCRT:utility_desktop.obj
 0002:fffec000       __guard_fids__             0000000180000000     vcruntime:softmemtag.obj
 0000:00000000       .debug$S                   0000000180000000     vcruntime:VCRUNTIME140.dll
 0000:00000000       .debug$S                   0000000180000000     vcruntime:VCRUNTIME140.dll
 0000:00000000       .debug$S                   0000000180000000     vcruntime:VCRUNTIME140.dll
 0000:00000000       .debug$S                   0000000180000000     vcruntime:VCRUNTIME140.dll
 0000:00000000       .debug$S                   0000000180000000     vcruntime:VCRUNTIME140.dll
 0000:00000000       .debug$S                   0000000180000000     vcruntime:VCRUNTIME140.dll
 0000:00000010       _volmd                     0000000180000010     bpsk_simulink_cgxe_registry.obj
 0000:00000010       _volmd                     0000000180000010     m_GvkxvAbVM3TqdJK85FbpIG.obj
 0000:00000020       _volmd                     0000000180000020     bpsk_simulink_cgxe_registry.obj
 0000:00000020       _volmd                     0000000180000020     m_GvkxvAbVM3TqdJK85FbpIG.obj
 0000:00000030       _volmd                     0000000180000030     bpsk_simulink_cgxe_registry.obj
 0000:00000030       _volmd                     0000000180000030     m_GvkxvAbVM3TqdJK85FbpIG.obj
 0000:00000040       _volmd                     0000000180000040     bpsk_simulink_cgxe_registry.obj
 0000:00000040       _volmd                     0000000180000040     m_GvkxvAbVM3TqdJK85FbpIG.obj
 0000:00000050       _volmd                     0000000180000050     bpsk_simulink_cgxe_registry.obj
 0000:00000050       _volmd                     0000000180000050     m_GvkxvAbVM3TqdJK85FbpIG.obj
 0000:00000060       _volmd                     0000000180000060     bpsk_simulink_cgxe_registry.obj
 0000:00000060       _volmd                     0000000180000060     m_GvkxvAbVM3TqdJK85FbpIG.obj
 0000:00000070       _volmd                     0000000180000070     bpsk_simulink_cgxe_registry.obj
 0000:00000070       _volmd                     0000000180000070     m_GvkxvAbVM3TqdJK85FbpIG.obj
 0000:00000080       _volmd                     0000000180000080     bpsk_simulink_cgxe_registry.obj
 0000:00000080       _volmd                     0000000180000080     m_GvkxvAbVM3TqdJK85FbpIG.obj
 0000:00000090       _volmd                     0000000180000090     bpsk_simulink_cgxe_registry.obj
 0000:00000090       _volmd                     0000000180000090     m_GvkxvAbVM3TqdJK85FbpIG.obj
 0000:000000a0       _volmd                     00000001800000a0     bpsk_simulink_cgxe_registry.obj
 0000:000000a0       _volmd                     00000001800000a0     m_GvkxvAbVM3TqdJK85FbpIG.obj
 0000:000000b0       _volmd                     00000001800000b0     bpsk_simulink_cgxe_registry.obj
 0000:000000b0       _volmd                     00000001800000b0     m_GvkxvAbVM3TqdJK85FbpIG.obj
 0000:000000c0       _volmd                     00000001800000c0     bpsk_simulink_cgxe_registry.obj
 0000:000000c0       _volmd                     00000001800000c0     m_GvkxvAbVM3TqdJK85FbpIG.obj
 0000:000000d0       _volmd                     00000001800000d0     bpsk_simulink_cgxe_registry.obj
 0000:000000e0       _volmd                     00000001800000e0     bpsk_simulink_cgxe_registry.obj
 0001:000000d0       localtime                  00000001800010d0 f   m_GvkxvAbVM3TqdJK85FbpIG.obj
 0001:000000f0       time                       00000001800010f0 f   m_GvkxvAbVM3TqdJK85FbpIG.obj
 0001:000001a0       cgxe_mdl_start             00000001800011a0 f   m_GvkxvAbVM3TqdJK85FbpIG.obj
 0001:00000270       cgxe_mdl_initialize        0000000180001270 f   m_GvkxvAbVM3TqdJK85FbpIG.obj
 0001:00000350       cgxe_mdl_outputs           0000000180001350 f   m_GvkxvAbVM3TqdJK85FbpIG.obj
 0001:00000440       cgxe_mdl_update            0000000180001440 f   m_GvkxvAbVM3TqdJK85FbpIG.obj
 0001:00000450       cgxe_mdl_derivative        0000000180001450 f   m_GvkxvAbVM3TqdJK85FbpIG.obj
 0001:00000460       cgxe_mdl_enable            0000000180001460 f   m_GvkxvAbVM3TqdJK85FbpIG.obj
 0001:00000470       cgxe_mdl_disable           0000000180001470 f   m_GvkxvAbVM3TqdJK85FbpIG.obj
 0001:00000480       cgxe_mdl_terminate         0000000180001480 f   m_GvkxvAbVM3TqdJK85FbpIG.obj
 0001:000004d0       mw__internal__system__init__fcn 00000001800014d0 f   m_GvkxvAbVM3TqdJK85FbpIG.obj
 0001:00000640       mw__internal__call__setup  0000000180001640 f   m_GvkxvAbVM3TqdJK85FbpIG.obj
 0001:00000bc0       AWGNChannel_AWGNChannel    0000000180001bc0 f   m_GvkxvAbVM3TqdJK85FbpIG.obj
 0001:00000c70       AWGNChannelBase_set_SNR    0000000180001c70 f   m_GvkxvAbVM3TqdJK85FbpIG.obj
 0001:00000fa0       AWGNChannelBase_set_SignalPower 0000000180001fa0 f   m_GvkxvAbVM3TqdJK85FbpIG.obj
 0001:000017f0       validateattributes         00000001800027f0 f   m_GvkxvAbVM3TqdJK85FbpIG.obj
 0001:00002020       AWGNChannelBase_getStandardDeviation 0000000180003020 f   m_GvkxvAbVM3TqdJK85FbpIG.obj
 0001:00002360       AWGNChannelBase_setupImpl  0000000180003360 f   m_GvkxvAbVM3TqdJK85FbpIG.obj
 0001:000025e0       rng                        00000001800035e0 f   m_GvkxvAbVM3TqdJK85FbpIG.obj
 0001:00002c00       now                        0000000180003c00 f   m_GvkxvAbVM3TqdJK85FbpIG.obj
 0001:00003020       b_mod                      0000000180004020 f   m_GvkxvAbVM3TqdJK85FbpIG.obj
 0001:000030e0       SystemCore_checkTunablePropChange 00000001800040e0 f   m_GvkxvAbVM3TqdJK85FbpIG.obj
 0001:000032e0       mw__internal__call__reset  00000001800042e0 f   m_GvkxvAbVM3TqdJK85FbpIG.obj
 0001:000038d0       mw__internal__call__step   00000001800048d0 f   m_GvkxvAbVM3TqdJK85FbpIG.obj
 0001:00004600       randn                      0000000180005600 f   m_GvkxvAbVM3TqdJK85FbpIG.obj
 0001:00004970       genrandu                   0000000180005970 f   m_GvkxvAbVM3TqdJK85FbpIG.obj
 0001:00004a20       emlrt_marshallOut          0000000180005a20 f   m_GvkxvAbVM3TqdJK85FbpIG.obj
 0001:00005550       b_emlrt_marshallOut        0000000180006550 f   m_GvkxvAbVM3TqdJK85FbpIG.obj
 0001:00005610       cgxe_mdl_get_sim_state     0000000180006610 f   m_GvkxvAbVM3TqdJK85FbpIG.obj
 0001:00005650       emlrt_marshallIn           0000000180006650 f   m_GvkxvAbVM3TqdJK85FbpIG.obj
 0001:00005bb0       b_emlrt_marshallIn         0000000180006bb0 f   m_GvkxvAbVM3TqdJK85FbpIG.obj
 0001:00005c20       c_emlrt_marshallIn         0000000180006c20 f   m_GvkxvAbVM3TqdJK85FbpIG.obj
 0001:00005c70       d_emlrt_marshallIn         0000000180006c70 f   m_GvkxvAbVM3TqdJK85FbpIG.obj
 0001:00005ce0       e_emlrt_marshallIn         0000000180006ce0 f   m_GvkxvAbVM3TqdJK85FbpIG.obj
 0001:00005d30       f_emlrt_marshallIn         0000000180006d30 f   m_GvkxvAbVM3TqdJK85FbpIG.obj
 0001:00005da0       g_emlrt_marshallIn         0000000180006da0 f   m_GvkxvAbVM3TqdJK85FbpIG.obj
 0001:00005df0       h_emlrt_marshallIn         0000000180006df0 f   m_GvkxvAbVM3TqdJK85FbpIG.obj
 0001:00005e60       i_emlrt_marshallIn         0000000180006e60 f   m_GvkxvAbVM3TqdJK85FbpIG.obj
 0001:00005eb0       j_emlrt_marshallIn         0000000180006eb0 f   m_GvkxvAbVM3TqdJK85FbpIG.obj
 0001:00005f20       k_emlrt_marshallIn         0000000180006f20 f   m_GvkxvAbVM3TqdJK85FbpIG.obj
 0001:00006320       l_emlrt_marshallIn         0000000180007320 f   m_GvkxvAbVM3TqdJK85FbpIG.obj
 0001:00006370       m_emlrt_marshallIn         0000000180007370 f   m_GvkxvAbVM3TqdJK85FbpIG.obj
 0001:00006480       n_emlrt_marshallIn         0000000180007480 f   m_GvkxvAbVM3TqdJK85FbpIG.obj
 0001:000064d0       o_emlrt_marshallIn         00000001800074d0 f   m_GvkxvAbVM3TqdJK85FbpIG.obj
 0001:00006520       cgxe_mdl_set_sim_state     0000000180007520 f   m_GvkxvAbVM3TqdJK85FbpIG.obj
 0001:00006590       message                    0000000180007590 f   m_GvkxvAbVM3TqdJK85FbpIG.obj
 0001:00006630       getString                  0000000180007630 f   m_GvkxvAbVM3TqdJK85FbpIG.obj
 0001:000066a0       error                      00000001800076a0 f   m_GvkxvAbVM3TqdJK85FbpIG.obj
 0001:00006730       b_message                  0000000180007730 f   m_GvkxvAbVM3TqdJK85FbpIG.obj
 0001:000067a0       p_emlrt_marshallIn         00000001800077a0 f   m_GvkxvAbVM3TqdJK85FbpIG.obj
 0001:00006810       q_emlrt_marshallIn         0000000180007810 f   m_GvkxvAbVM3TqdJK85FbpIG.obj
 0001:00006890       r_emlrt_marshallIn         0000000180007890 f   m_GvkxvAbVM3TqdJK85FbpIG.obj
 0001:00006950       s_emlrt_marshallIn         0000000180007950 f   m_GvkxvAbVM3TqdJK85FbpIG.obj
 0001:00006a10       t_emlrt_marshallIn         0000000180007a10 f   m_GvkxvAbVM3TqdJK85FbpIG.obj
 0001:00006a80       u_emlrt_marshallIn         0000000180007a80 f   m_GvkxvAbVM3TqdJK85FbpIG.obj
 0001:00006b40       v_emlrt_marshallIn         0000000180007b40 f   m_GvkxvAbVM3TqdJK85FbpIG.obj
 0001:00006bc0       eml_rand_shr3cong          0000000180007bc0 f   m_GvkxvAbVM3TqdJK85FbpIG.obj
 0001:000070c0       eml_rand_mt19937ar         00000001800080c0 f   m_GvkxvAbVM3TqdJK85FbpIG.obj
 0001:00007380       genrand_uint32_vector      0000000180008380 f   m_GvkxvAbVM3TqdJK85FbpIG.obj
 0001:00007630       b_genrandu                 0000000180008630 f   m_GvkxvAbVM3TqdJK85FbpIG.obj
 0001:00007960       init_simulink_io_address   0000000180008960 f   m_GvkxvAbVM3TqdJK85FbpIG.obj
 0001:000079d0       mdlOutputs_GvkxvAbVM3TqdJK85FbpIG 00000001800089d0 f   m_GvkxvAbVM3TqdJK85FbpIG.obj
 0001:00007a10       mdlInitialize_GvkxvAbVM3TqdJK85FbpIG 0000000180008a10 f   m_GvkxvAbVM3TqdJK85FbpIG.obj
 0001:00007a40       mdlUpdate_GvkxvAbVM3TqdJK85FbpIG 0000000180008a40 f   m_GvkxvAbVM3TqdJK85FbpIG.obj
 0001:00007a80       mdlDerivatives_GvkxvAbVM3TqdJK85FbpIG 0000000180008a80 f   m_GvkxvAbVM3TqdJK85FbpIG.obj
 0001:00007ab0       getSimState_GvkxvAbVM3TqdJK85FbpIG 0000000180008ab0 f   m_GvkxvAbVM3TqdJK85FbpIG.obj
 0001:00007af0       setSimState_GvkxvAbVM3TqdJK85FbpIG 0000000180008af0 f   m_GvkxvAbVM3TqdJK85FbpIG.obj
 0001:00007b30       mdlTerminate_GvkxvAbVM3TqdJK85FbpIG 0000000180008b30 f   m_GvkxvAbVM3TqdJK85FbpIG.obj
 0001:00007b70       mdlEnable_GvkxvAbVM3TqdJK85FbpIG 0000000180008b70 f   m_GvkxvAbVM3TqdJK85FbpIG.obj
 0001:00007ba0       mdlDisable_GvkxvAbVM3TqdJK85FbpIG 0000000180008ba0 f   m_GvkxvAbVM3TqdJK85FbpIG.obj
 0001:00007bd0       mdlStart_GvkxvAbVM3TqdJK85FbpIG 0000000180008bd0 f   m_GvkxvAbVM3TqdJK85FbpIG.obj
 0001:00007ce0       mdlProcessParameters_GvkxvAbVM3TqdJK85FbpIG 0000000180008ce0 f   m_GvkxvAbVM3TqdJK85FbpIG.obj
[...]
 0003:00004650       $SG20531                   000000018001b650     m_GvkxvAbVM3TqdJK85FbpIG.obj
 0003:00004660       $SG20542                   000000018001b660     m_GvkxvAbVM3TqdJK85FbpIG.obj
 0003:00004670       $SG20544                   000000018001b670     m_GvkxvAbVM3TqdJK85FbpIG.obj
 0003:00004688       $SG20545                   000000018001b688     m_GvkxvAbVM3TqdJK85FbpIG.obj
 0003:000046a0       $SG20546                   000000018001b6a0     m_GvkxvAbVM3TqdJK85FbpIG.obj
 0003:000046b8       $SG17608                   000000018001b6b8     bpsk_simulink_cgxe_registry.obj
 0003:000046e8       $SG17612                   000000018001b6e8     bpsk_simulink_cgxe_registry.obj
 0003:00004728       $SG17617                   000000018001b728     bpsk_simulink_cgxe_registry.obj
 0003:00004760       $SG17622                   000000018001b760     bpsk_simulink_cgxe_registry.obj
 0003:00004798       $SG17626                   000000018001b798     bpsk_simulink_cgxe_registry.obj
 0003:000047d0       $SG17663                   000000018001b7d0     bpsk_simulink_cgxe_registry.obj
 0003:000047d8       $SG17665                   000000018001b7d8     bpsk_simulink_cgxe_registry.obj
 0003:000047e0       $SG17667                   000000018001b7e0     bpsk_simulink_cgxe_registry.obj
 0003:000047ec       $SG17669                   000000018001b7ec     bpsk_simulink_cgxe_registry.obj
 0003:000047f8       $SG17671                   000000018001b7f8     bpsk_simulink_cgxe_registry.obj
 0003:00004800       $SG17672                   000000018001b800     bpsk_simulink_cgxe_registry.obj
 0003:00004808       $SG17673                   000000018001b808     bpsk_simulink_cgxe_registry.obj
 0003:00004810       $SG17674                   000000018001b810     bpsk_simulink_cgxe_registry.obj
 0003:0000481c       $SG17675                   000000018001b81c     bpsk_simulink_cgxe_registry.obj
 0003:00004828       $SG17676                   000000018001b828     bpsk_simulink_cgxe_registry.obj
 0003:00004830       $SG17712                   000000018001b830     bpsk_simulink_cgxe_registry.obj
 0003:00004860       $SG17723                   000000018001b860     bpsk_simulink_cgxe_registry.obj
 0003:00004890       $SG17737                   000000018001b890     bpsk_simulink_cgxe_registry.obj
 0003:000048a8       $SG17751                   000000018001b8a8     bpsk_simulink_cgxe_registry.obj
 0003:000048c0       $SG17765                   000000018001b8c0     bpsk_simulink_cgxe_registry.obj
 0003:000048d0       $SG17767                   000000018001b8d0     bpsk_simulink_cgxe_registry.obj
 0003:000048e0       $SG17769                   000000018001b8e0     bpsk_simulink_cgxe_registry.obj
 0003:000048f0       $SG17771                   000000018001b8f0     bpsk_simulink_cgxe_registry.obj
 0003:00004900       $SG17773                   000000018001b900     bpsk_simulink_cgxe_registry.obj
 0003:00004918       $SG17775                   000000018001b918     bpsk_simulink_cgxe_registry.obj
 0003:00004930       $SG17786                   000000018001b930     bpsk_simulink_cgxe_registry.obj
 0003:00004958       _sfcnName                  000000018001b958     bpsk_simulink_cgxe_registry.obj
 0003:00004990       $SG17801                   000000018001b990     bpsk_simulink_cgxe_registry.obj
 0003:00004a10       $SG17805                   000000018001ba10     bpsk_simulink_cgxe_registry.obj
 0003:00004a88       $SG18110                   000000018001ba88     bpsk_simulink_cgxe_registry.obj
 0003:00004aa0       $SG18111                   000000018001baa0     bpsk_simulink_cgxe_registry.obj
 0003:00004ab8       $SG18123                   000000018001bab8     bpsk_simulink_cgxe_registry.obj
 0003:00004ac8       $SG18259                   000000018001bac8     bpsk_simulink_cgxe_registry.obj
 0003:00004b08       $SG18260                   000000018001bb08     bpsk_simulink_cgxe_registry.obj
 0003:00004b18       $SG18261                   000000018001bb18     bpsk_simulink_cgxe_registry.obj
 0003:00004b20       $SG18265                   000000018001bb20     bpsk_simulink_cgxe_registry.obj
 0003:00004b68       $SG18266                   000000018001bb68     bpsk_simulink_cgxe_registry.obj
 0003:00004b78       $SG18267                   000000018001bb78     bpsk_simulink_cgxe_registry.obj
 0003:00004b80       $SG18268                   000000018001bb80     bpsk_simulink_cgxe_registry.obj
 0003:00004bd8       $SG18269                   000000018001bbd8     bpsk_simulink_cgxe_registry.obj
 0003:00004be8       $SG18270                   000000018001bbe8     bpsk_simulink_cgxe_registry.obj
 0003:00004bf0       $SG18290                   000000018001bbf0     bpsk_simulink_cgxe_registry.obj
 0003:00004c30       $SG18291                   000000018001bc30     bpsk_simulink_cgxe_registry.obj
 0003:00004c40       $SG18292                   000000018001bc40     bpsk_simulink_cgxe_registry.obj
 0003:00004c50       $SG18296                   000000018001bc50     bpsk_simulink_cgxe_registry.obj
 0003:00004c98       $SG18297                   000000018001bc98     bpsk_simulink_cgxe_registry.obj
 0003:00004ca8       $SG18298                   000000018001bca8     bpsk_simulink_cgxe_registry.obj
 0003:00004cb0       $SG18299                   000000018001bcb0     bpsk_simulink_cgxe_registry.obj
 0003:00004d08       $SG18300                   000000018001bd08     bpsk_simulink_cgxe_registry.obj
 0003:00004d18       $SG18301                   000000018001bd18     bpsk_simulink_cgxe_registry.obj
 0003:00004d20       $SG18320                   000000018001bd20     bpsk_simulink_cgxe_registry.obj
 0003:00004d70       $SG18321                   000000018001bd70     bpsk_simulink_cgxe_registry.obj
 0003:00004d80       $SG18322                   000000018001bd80     bpsk_simulink_cgxe_registry.obj
 0003:00004d90       $SG18331                   000000018001bd90     bpsk_simulink_cgxe_registry.obj
 0003:00004df0       $SG18332                   000000018001bdf0     bpsk_simulink_cgxe_registry.obj
 0003:00004df8       $SG18333                   000000018001bdf8     bpsk_simulink_cgxe_registry.obj
 0003:00004e00       $SG18342                   000000018001be00     bpsk_simulink_cgxe_registry.obj
 0003:00004e60       $SG18343                   000000018001be60     bpsk_simulink_cgxe_registry.obj
 0003:00004e68       $SG18344                   000000018001be68     bpsk_simulink_cgxe_registry.obj
 0003:00004e70       $SG18650                   000000018001be70     bpsk_simulink_cgxe_registry.obj
 0003:00004ef0       $SG18653                   000000018001bef0     bpsk_simulink_cgxe_registry.obj
 0003:00004f70       $SG18658                   000000018001bf70     bpsk_simulink_cgxe_registry.obj
 0003:00004ff0       $SG18666                   000000018001bff0     bpsk_simulink_cgxe_registry.obj
 0003:00005060       $SG18939                   000000018001c060     bpsk_simulink_cgxe_registry.obj
 0003:000050e0       $SG18944                   000000018001c0e0     bpsk_simulink_cgxe_registry.obj
 0003:00005158       $SG19268                   000000018001c158     bpsk_simulink_cgxe_registry.obj
 0003:00005170       $SG19281                   000000018001c170     bpsk_simulink_cgxe_registry.obj
 0003:000051e8       $SG19284                   000000018001c1e8     bpsk_simulink_cgxe_registry.obj
 0003:000051ec       $SG19336                   000000018001c1ec     bpsk_simulink_cgxe_registry.obj
 0003:000051f4       $SG19337                   000000018001c1f4     bpsk_simulink_cgxe_registry.obj
 0003:000051fc       $SG19338                   000000018001c1fc     bpsk_simulink_cgxe_registry.obj
 0003:00005210       $SG19339                   000000018001c210     bpsk_simulink_cgxe_registry.obj
 0003:00005290       $SG19341                   000000018001c290     bpsk_simulink_cgxe_registry.obj
 0003:0000530c       $SG19344                   000000018001c30c     bpsk_simulink_cgxe_registry.obj
 0003:00005314       $SG19347                   000000018001c314     bpsk_simulink_cgxe_registry.obj
 0003:0000531c       $SG19350                   000000018001c31c     bpsk_simulink_cgxe_registry.obj
 0003:00005330       $SG19351                   000000018001c330     bpsk_simulink_cgxe_registry.obj
 0003:000053b0       $SG19352                   000000018001c3b0     bpsk_simulink_cgxe_registry.obj
 0003:000053c0       $SG19354                   000000018001c3c0     bpsk_simulink_cgxe_registry.obj
 0003:000053cc       $SG19356                   000000018001c3cc     bpsk_simulink_cgxe_registry.obj
 0003:000053d4       $SG19358                   000000018001c3d4     bpsk_simulink_cgxe_registry.obj
 0003:000053e0       $SG19360                   000000018001c3e0     bpsk_simulink_cgxe_registry.obj
 0003:000053ec       $SG19362                   000000018001c3ec     bpsk_simulink_cgxe_registry.obj
 0003:000053f0       $SG19365                   000000018001c3f0     bpsk_simulink_cgxe_registry.obj
 0003:000054d8       $SG19475                   000000018001c4d8     bpsk_simulink_cgxe_registry.obj
 0003:00005508       $SG19476                   000000018001c508     bpsk_simulink_cgxe_registry.obj
 0003:00005518       $SG19477                   000000018001c518     bpsk_simulink_cgxe_registry.obj
 0003:00005520       $SG19479                   000000018001c520     bpsk_simulink_cgxe_registry.obj
 0003:00005558       $SG19480                   000000018001c558     bpsk_simulink_cgxe_registry.obj
 0003:00005568       $SG19481                   000000018001c568     bpsk_simulink_cgxe_registry.obj
 0003:00005570       $SG19484                   000000018001c570     bpsk_simulink_cgxe_registry.obj
 0003:000055a8       $SG19485                   000000018001c5a8     bpsk_simulink_cgxe_registry.obj
 0003:000055b8       $SG19486                   000000018001c5b8     bpsk_simulink_cgxe_registry.obj
 0003:000055c0       $SG19488                   000000018001c5c0     bpsk_simulink_cgxe_registry.obj
 0003:000055f8       $SG19489                   000000018001c5f8     bpsk_simulink_cgxe_registry.obj
 0003:00005608       $SG19490                   000000018001c608     bpsk_simulink_cgxe_registry.obj
 0003:00005610       $SG19492                   000000018001c610     bpsk_simulink_cgxe_registry.obj
 0003:00005648       $SG19493                   000000018001c648     bpsk_simulink_cgxe_registry.obj
 0003:00005658       $SG19494                   000000018001c658     bpsk_simulink_cgxe_registry.obj
 0003:00005660       $SG19497                   000000018001c660     bpsk_simulink_cgxe_registry.obj
 0003:00005678       $SG19499                   000000018001c678     bpsk_simulink_cgxe_registry.obj
 0003:00005690       $SG19500                   000000018001c690     bpsk_simulink_cgxe_registry.obj
 0003:000056c8       $SG19501                   000000018001c6c8     bpsk_simulink_cgxe_registry.obj
 0003:000056d8       $SG19502                   000000018001c6d8     bpsk_simulink_cgxe_registry.obj
 0003:000056e0       $SG19633                   000000018001c6e0     bpsk_simulink_cgxe_registry.obj
 0003:00005700       $SG19634                   000000018001c700     bpsk_simulink_cgxe_registry.obj
 0003:00005790       $SG19640                   000000018001c790     bpsk_simulink_cgxe_registry.obj
 0003:000057b0       $SG19641                   000000018001c7b0     bpsk_simulink_cgxe_registry.obj
 0003:00005840       $SG19647                   000000018001c840     bpsk_simulink_cgxe_registry.obj
 0003:00005860       $SG19648                   000000018001c860     bpsk_simulink_cgxe_registry.obj
 0003:000058f0       $SG19654                   000000018001c8f0     bpsk_simulink_cgxe_registry.obj
 0003:00005910       $SG19655                   000000018001c910     bpsk_simulink_cgxe_registry.obj
 0003:000059a0       $SG19661                   000000018001c9a0     bpsk_simulink_cgxe_registry.obj
 0003:000059c0       $SG19662                   000000018001c9c0     bpsk_simulink_cgxe_registry.obj
 0003:00005a50       $SG19666                   000000018001ca50     bpsk_simulink_cgxe_registry.obj
 0003:00005a70       $SG19667                   000000018001ca70     bpsk_simulink_cgxe_registry.obj
 0003:00005b00       $SG19671                   000000018001cb00     bpsk_simulink_cgxe_registry.obj
 0003:00005b30       $SG19672                   000000018001cb30     bpsk_simulink_cgxe_registry.obj
 0003:00005bc0       $SG19676                   000000018001cbc0     bpsk_simulink_cgxe_registry.obj
 0003:00005bf0       $SG19677                   000000018001cbf0     bpsk_simulink_cgxe_registry.obj
 0003:00005c80       $SG19681                   000000018001cc80     bpsk_simulink_cgxe_registry.obj
 0003:00005ca0       $SG19682                   000000018001cca0     bpsk_simulink_cgxe_registry.obj
 0003:00005d30       $SG19686                   000000018001cd30     bpsk_simulink_cgxe_registry.obj
 0003:00005d50       $SG19687                   000000018001cd50     bpsk_simulink_cgxe_registry.obj
 0003:00005de0       $SG19691                   000000018001cde0     bpsk_simulink_cgxe_registry.obj
 0003:00005e00       $SG19692                   000000018001ce00     bpsk_simulink_cgxe_registry.obj
 0003:00005e90       $SG19696                   000000018001ce90     bpsk_simulink_cgxe_registry.obj
 0003:00005eb0       $SG19697                   000000018001ceb0     bpsk_simulink_cgxe_registry.obj
 0003:00005f40       $SG19701                   000000018001cf40     bpsk_simulink_cgxe_registry.obj
 0003:00005f60       $SG19702                   000000018001cf60     bpsk_simulink_cgxe_registry.obj
 0003:00005ff0       $SG19706                   000000018001cff0     bpsk_simulink_cgxe_registry.obj
 0003:00006010       $SG19707                   000000018001d010     bpsk_simulink_cgxe_registry.obj
 0003:000060a0       $SG19711                   000000018001d0a0     bpsk_simulink_cgxe_registry.obj
 0003:000060c0       $SG19712                   000000018001d0c0     bpsk_simulink_cgxe_registry.obj
 0003:00006150       $SG19716                   000000018001d150     bpsk_simulink_cgxe_registry.obj
 0003:00006170       $SG19717                   000000018001d170     bpsk_simulink_cgxe_registry.obj
 0003:00006200       $SG19721                   000000018001d200     bpsk_simulink_cgxe_registry.obj
 0003:00006220       $SG19722                   000000018001d220     bpsk_simulink_cgxe_registry.obj
 0003:000062b0       $SG19727                   000000018001d2b0     bpsk_simulink_cgxe_registry.obj
 0003:000062d0       $SG19728                   000000018001d2d0     bpsk_simulink_cgxe_registry.obj
 0003:00006360       $SG19733                   000000018001d360     bpsk_simulink_cgxe_registry.obj
 0003:00006380       $SG19734                   000000018001d380     bpsk_simulink_cgxe_registry.obj
 0003:00006410       $SG19738                   000000018001d410     bpsk_simulink_cgxe_registry.obj
 0003:00006420       $SG19739                   000000018001d420     bpsk_simulink_cgxe_registry.obj
 0003:000064b0       $SG19743                   000000018001d4b0     bpsk_simulink_cgxe_registry.obj
 0003:000064d0       $SG19744                   000000018001d4d0     bpsk_simulink_cgxe_registry.obj
 0003:00006560       $SG19752                   000000018001d560     bpsk_simulink_cgxe_registry.obj
 0003:00006570       $SG19753                   000000018001d570     bpsk_simulink_cgxe_registry.obj
 0003:00006600       $SG19757                   000000018001d600     bpsk_simulink_cgxe_registry.obj
 0003:00006680       $SG19759                   000000018001d680     bpsk_simulink_cgxe_registry.obj
 0003:00006700       $SG19763                   000000018001d700     bpsk_simulink_cgxe_registry.obj
 0003:00006780       $SG19786                   000000018001d780     bpsk_simulink_cgxe_registry.obj
 0003:00006898       $SG19794                   000000018001d898     bpsk_simulink_cgxe_registry.obj
 0003:000068a8       $SG19801                   000000018001d8a8     bpsk_simulink_cgxe_registry.obj
 0003:000068b8       $SG19809                   000000018001d8b8     bpsk_simulink_cgxe_registry.obj
 0003:000068c8       $SG19816                   000000018001d8c8     bpsk_simulink_cgxe_registry.obj
 0003:000068d8       $SG19824                   000000018001d8d8     bpsk_simulink_cgxe_registry.obj
 0003:000068e8       $SG19831                   000000018001d8e8     bpsk_simulink_cgxe_registry.obj
 0003:000068f8       $SG19837                   000000018001d8f8     bpsk_simulink_cgxe_registry.obj
 0003:00006918       $SG19847                   000000018001d918     bpsk_simulink_cgxe_registry.obj
 0003:00006948       $SG19848                   000000018001d948     bpsk_simulink_cgxe_registry.obj
 0003:00006950       $SG19849                   000000018001d950     bpsk_simulink_cgxe_registry.obj
 0003:00006958       $SG19859                   000000018001d958     bpsk_simulink_cgxe_registry.obj
 0003:00006990       $SG19860                   000000018001d990     bpsk_simulink_cgxe_registry.obj
 0003:00006998       $SG19861                   000000018001d998     bpsk_simulink_cgxe_registry.obj
 0003:00006a40       $SG18642                   000000018001da40     m_GvkxvAbVM3TqdJK85FbpIG.obj
 0003:00006a41       $SG18643                   000000018001da41     m_GvkxvAbVM3TqdJK85FbpIG.obj
 0003:00006a42       $SG18645                   000000018001da42     m_GvkxvAbVM3TqdJK85FbpIG.obj
 0003:00006a43       $SG18646                   000000018001da43     m_GvkxvAbVM3TqdJK85FbpIG.obj
 0003:00006a44       $SG18648                   000000018001da44     m_GvkxvAbVM3TqdJK85FbpIG.obj
 0003:00006a45       $SG18649                   000000018001da45     m_GvkxvAbVM3TqdJK85FbpIG.obj
 0003:00006a46       $SG18651                   000000018001da46     m_GvkxvAbVM3TqdJK85FbpIG.obj
 0003:00006a47       $SG18652                   000000018001da47     m_GvkxvAbVM3TqdJK85FbpIG.obj
 0003:00006a48       $SG18702                   000000018001da48     m_GvkxvAbVM3TqdJK85FbpIG.obj
 0003:00006a49       $SG18703                   000000018001da49     m_GvkxvAbVM3TqdJK85FbpIG.obj
 0003:00006a4a       $SG18705                   000000018001da4a     m_GvkxvAbVM3TqdJK85FbpIG.obj
 0003:00006a4b       $SG18706                   000000018001da4b     m_GvkxvAbVM3TqdJK85FbpIG.obj
 0003:00006a4c       $SG18708                   000000018001da4c     m_GvkxvAbVM3TqdJK85FbpIG.obj
 0003:00006a4d       $SG18709                   000000018001da4d     m_GvkxvAbVM3TqdJK85FbpIG.obj
 0003:00006a4e       $SG18711                   000000018001da4e     m_GvkxvAbVM3TqdJK85FbpIG.obj
 0003:00006a4f       $SG18712                   000000018001da4f     m_GvkxvAbVM3TqdJK85FbpIG.obj
 0003:00006a50       $SG20532                   000000018001da50     m_GvkxvAbVM3TqdJK85FbpIG.obj
 0003:00006a51       $SG20533                   000000018001da51     m_GvkxvAbVM3TqdJK85FbpIG.obj
 0003:00006a54       $SG19332                   000000018001da54     bpsk_simulink_cgxe_registry.obj
 0003:00006a56       ?warningGuard@?1??ssGetRootSS@@9@9 000000018001da56     bpsk_simulink_cgxe_registry.obj
 0003:00006a57       ?warningGuard@?1??ssGetParentSS@@9@9 000000018001da57     bpsk_simulink_cgxe_registry.obj
 0003:00006a60       GS_ExceptionRecord         000000018001da60     MSVCRT:gs_report.obj
 0003:00006b00       GS_ContextRecord           000000018001db00     MSVCRT:gs_report.obj
 0003:00006fd0       ?__proc_attached@@3HA      000000018001dfd0     MSVCRT:dll_dllmain.obj
 0003:00007010       ?is_initialized_as_dll@@3_NA 000000018001e010     MSVCRT:utility.obj
 0003:00007011       ?module_local_atexit_table_initialized@@3_NA 000000018001e011     MSVCRT:utility.obj
 0003:00007018       ?module_local_atexit_table@@3U_onexit_table_t@@A 000000018001e018     MSVCRT:utility.obj
 0003:00007030       ?module_local_at_quick_exit_table@@3U_onexit_table_t@@A 000000018001e030     MSVCRT:utility.obj
